STRUCT,Info,3
CPU name:,AMD Ryzen 5 4600G with Radeon Graphics,
CPU type:,AMD K17 (Zen2) architecture,
CPU clock:,3.69296277 GHz,
TABLE,Region newton_32,Group 1 Raw,MEM,6
Region Info,HWThread 3,
RDTSC Runtime [s],0.013436,
call count,1,
Event,Counter,HWThread 3
ACTUAL_CPU_CLOCK,FIXC1,58071410
MAX_CPU_CLOCK,FIXC2,50050270
RETIRED_INSTRUCTIONS,PMC0,9814174
CPU_CLOCKS_UNHALTED,PMC1,13039140
DRAM_CHANNEL_0,DFC0,155216
DRAM_CHANNEL_1,DFC1,145218
TABLE,Region newton_32,Group 1 Metric,MEM,6
Metric,HWThread 3,
Runtime (RDTSC) [s],0.0134,
Runtime unhalted [s],0.0157,
Clock [MHz],4284.8032,
CPI,1.3286,
Memory bandwidth [MBytes/s],5724.0728,
Memory data volume [GBytes],0.0769,
STRUCT,Info,3
CPU name:,AMD Ryzen 5 4600G with Radeon Graphics,
CPU type:,AMD K17 (Zen2) architecture,
CPU clock:,3.69296277 GHz,
TABLE,Region jacobiana_32,Group 1 Raw,MEM,6
Region Info,HWThread 3,
RDTSC Runtime [s],0.000003,
call count,25,
Event,Counter,HWThread 3
ACTUAL_CPU_CLOCK,FIXC1,11988380
MAX_CPU_CLOCK,FIXC2,9545334
RETIRED_INSTRUCTIONS,PMC0,141530
CPU_CLOCKS_UNHALTED,PMC1,593697
DRAM_CHANNEL_0,DFC0,29432
DRAM_CHANNEL_1,DFC1,25932
TABLE,Region jacobiana_32,Group 1 Metric,MEM,6
Metric,HWThread 3,
Runtime (RDTSC) [s],3.386431e-06,
Runtime unhalted [s],0.0032,
Clock [MHz],4638.1448,
CPI,4.1948,
Memory bandwidth [MBytes/s],4.185287e+06,
Memory data volume [GBytes],0.0142,
STRUCT,Info,3
CPU name:,AMD Ryzen 5 4600G with Radeon Graphics,
CPU type:,AMD K17 (Zen2) architecture,
CPU clock:,3.69296277 GHz,
TABLE,Region sistema_linear_32,Group 1 Raw,MEM,6
Region Info,HWThread 3,
RDTSC Runtime [s],0.002275,
call count,25,
Event,Counter,HWThread 3
ACTUAL_CPU_CLOCK,FIXC1,20280480
MAX_CPU_CLOCK,FIXC2,17677450
RETIRED_INSTRUCTIONS,PMC0,7465515
CPU_CLOCKS_UNHALTED,PMC1,10230430
DRAM_CHANNEL_0,DFC0,44286
DRAM_CHANNEL_1,DFC1,38917
TABLE,Region sistema_linear_32,Group 1 Metric,MEM,6
Metric,HWThread 3,
Runtime (RDTSC) [s],0.0023,
Runtime unhalted [s],0.0055,
Clock [MHz],4236.7569,
CPI,1.3704,
Memory bandwidth [MBytes/s],9363.1583,
Memory data volume [GBytes],0.0213,
STRUCT,Info,3
CPU name:,AMD Ryzen 5 4600G with Radeon Graphics,
CPU type:,AMD K17 (Zen2) architecture,
CPU clock:,3.691625578 GHz,
TABLE,Region newton_64,Group 1 Raw,MEM,6
Region Info,HWThread 3,
RDTSC Runtime [s],0.017847,
call count,1,
Event,Counter,HWThread 3
ACTUAL_CPU_CLOCK,FIXC1,76913340
MAX_CPU_CLOCK,FIXC2,66267520
RETIRED_INSTRUCTIONS,PMC0,18860570
CPU_CLOCKS_UNHALTED,PMC1,28120920
DRAM_CHANNEL_0,DFC0,97658
DRAM_CHANNEL_1,DFC1,98014
TABLE,Region newton_64,Group 1 Metric,MEM,6
Metric,HWThread 3,
Runtime (RDTSC) [s],0.0178,
Runtime unhalted [s],0.0208,
Clock [MHz],4284.6820,
CPI,1.4910,
Memory bandwidth [MBytes/s],2806.7952,
Memory data volume [GBytes],0.0501,
STRUCT,Info,3
CPU name:,AMD Ryzen 5 4600G with Radeon Graphics,
CPU type:,AMD K17 (Zen2) architecture,
CPU clock:,3.691625578 GHz,
TABLE,Region jacobiana_64,Group 1 Raw,MEM,6
Region Info,HWThread 3,
RDTSC Runtime [s],0.000003,
call count,25,
Event,Counter,HWThread 3
ACTUAL_CPU_CLOCK,FIXC1,12255030
MAX_CPU_CLOCK,FIXC2,10561720
RETIRED_INSTRUCTIONS,PMC0,142612
CPU_CLOCKS_UNHALTED,PMC1,612660
DRAM_CHANNEL_0,DFC0,17200
DRAM_CHANNEL_1,DFC1,16552
TABLE,Region jacobiana_64,Group 1 Metric,MEM,6
Metric,HWThread 3,
Runtime (RDTSC) [s],3.207073e-06,
Runtime unhalted [s],0.0033,
Clock [MHz],4283.4862,
CPI,4.2960,
Memory bandwidth [MBytes/s],2.694205e+06,
Memory data volume [GBytes],0.0086,
STRUCT,Info,3
CPU name:,AMD Ryzen 5 4600G with Radeon Graphics,
CPU type:,AMD K17 (Zen2) architecture,
CPU clock:,3.691625578 GHz,
TABLE,Region sistema_linear_64,Group 1 Raw,MEM,6
Region Info,HWThread 3,
RDTSC Runtime [s],0.005688,
call count,25,
Event,Counter,HWThread 3
ACTUAL_CPU_CLOCK,FIXC1,35262200
MAX_CPU_CLOCK,FIXC2,30345810
RETIRED_INSTRUCTIONS,PMC0,14668020
CPU_CLOCKS_UNHALTED,PMC1,24594540
DRAM_CHANNEL_0,DFC0,29902
DRAM_CHANNEL_1,DFC1,29642
TABLE,Region sistema_linear_64,Group 1 Metric,MEM,6
Metric,HWThread 3,
Runtime (RDTSC) [s],0.0057,
Runtime unhalted [s],0.0096,
Clock [MHz],4289.7138,
CPI,1.6767,
Memory bandwidth [MBytes/s],2679.9769,
Memory data volume [GBytes],0.0152,
STRUCT,Info,3
CPU name:,AMD Ryzen 5 4600G with Radeon Graphics,
CPU type:,AMD K17 (Zen2) architecture,
CPU clock:,3.691764153 GHz,
TABLE,Region newton_128,Group 1 Raw,MEM,6
Region Info,HWThread 3,
RDTSC Runtime [s],0.025286,
call count,1,
Event,Counter,HWThread 3
ACTUAL_CPU_CLOCK,FIXC1,108940600
MAX_CPU_CLOCK,FIXC2,93812650
RETIRED_INSTRUCTIONS,PMC0,36955750
CPU_CLOCKS_UNHALTED,PMC1,58391160
DRAM_CHANNEL_0,DFC0,188190
DRAM_CHANNEL_1,DFC1,182192
TABLE,Region newton_128,Group 1 Metric,MEM,6
Metric,HWThread 3,
Runtime (RDTSC) [s],0.0253,
Runtime unhalted [s],0.0295,
Clock [MHz],4287.0871,
CPI,1.5800,
Memory bandwidth [MBytes/s],3749.8761,
Memory data volume [GBytes],0.0948,
STRUCT,Info,3
CPU name:,AMD Ryzen 5 4600G with Radeon Graphics,
CPU type:,AMD K17 (Zen2) architecture,
CPU clock:,3.691764153 GHz,
TABLE,Region jacobiana_128,Group 1 Raw,MEM,6
Region Info,HWThread 3,
RDTSC Runtime [s],0.000004,
call count,25,
Event,Counter,HWThread 3
ACTUAL_CPU_CLOCK,FIXC1,12020160
MAX_CPU_CLOCK,FIXC2,10319600
RETIRED_INSTRUCTIONS,PMC0,145587
CPU_CLOCKS_UNHALTED,PMC1,600534
DRAM_CHANNEL_0,DFC0,16071
DRAM_CHANNEL_1,DFC1,16914
TABLE,Region jacobiana_128,Group 1 Metric,MEM,6
Metric,HWThread 3,
Runtime (RDTSC) [s],3.576805e-06,
Runtime unhalted [s],0.0033,
Clock [MHz],4300.1275,
CPI,4.1249,
Memory bandwidth [MBytes/s],2.360811e+06,
Memory data volume [GBytes],0.0084,
STRUCT,Info,3
CPU name:,AMD Ryzen 5 4600G with Radeon Graphics,
CPU type:,AMD K17 (Zen2) architecture,
CPU clock:,3.691764153 GHz,
TABLE,Region sistema_linear_128,Group 1 Raw,MEM,6
Region Info,HWThread 3,
RDTSC Runtime [s],0.012907,
call count,25,
Event,Counter,HWThread 3
ACTUAL_CPU_CLOCK,FIXC1,66993590
MAX_CPU_CLOCK,FIXC2,57641230
RETIRED_INSTRUCTIONS,PMC0,29072430
CPU_CLOCKS_UNHALTED,PMC1,53394710
DRAM_CHANNEL_0,DFC0,97561
DRAM_CHANNEL_1,DFC1,93530
TABLE,Region sistema_linear_128,Group 1 Metric,MEM,6
Metric,HWThread 3,
Runtime (RDTSC) [s],0.0129,
Runtime unhalted [s],0.0181,
Clock [MHz],4290.7574,
CPI,1.8366,
Memory bandwidth [MBytes/s],3789.9959,
Memory data volume [GBytes],0.0489,
STRUCT,Info,3
CPU name:,AMD Ryzen 5 4600G with Radeon Graphics,
CPU type:,AMD K17 (Zen2) architecture,
CPU clock:,3.692687813 GHz,
TABLE,Region newton_256,Group 1 Raw,MEM,6
Region Info,HWThread 3,
RDTSC Runtime [s],0.039889,
call count,1,
Event,Counter,HWThread 3
ACTUAL_CPU_CLOCK,FIXC1,171438200
MAX_CPU_CLOCK,FIXC2,147752500
RETIRED_INSTRUCTIONS,PMC0,73177230
CPU_CLOCKS_UNHALTED,PMC1,118728500
DRAM_CHANNEL_0,DFC0,175791
DRAM_CHANNEL_1,DFC1,166883
TABLE,Region newton_256,Group 1 Metric,MEM,6
Metric,HWThread 3,
Runtime (RDTSC) [s],0.0399,
Runtime unhalted [s],0.0464,
Clock [MHz],4284.6500,
CPI,1.6225,
Memory bandwidth [MBytes/s],2199.2115,
Memory data volume [GBytes],0.0877,
STRUCT,Info,3
CPU name:,AMD Ryzen 5 4600G with Radeon Graphics,
CPU type:,AMD K17 (Zen2) architecture,
CPU clock:,3.692687813 GHz,
TABLE,Region jacobiana_256,Group 1 Raw,MEM,6
Region Info,HWThread 3,
RDTSC Runtime [s],0.000005,
call count,25,
Event,Counter,HWThread 3
ACTUAL_CPU_CLOCK,FIXC1,12349000
MAX_CPU_CLOCK,FIXC2,10553580
RETIRED_INSTRUCTIONS,PMC0,151987
CPU_CLOCKS_UNHALTED,PMC1,612649
DRAM_CHANNEL_0,DFC0,12614
DRAM_CHANNEL_1,DFC1,10009
TABLE,Region jacobiana_256,Group 1 Metric,MEM,6
Metric,HWThread 3,
Runtime (RDTSC) [s],5.341773e-06,
Runtime unhalted [s],0.0033,
Clock [MHz],4320.9036,
CPI,4.0309,
Memory bandwidth [MBytes/s],1.084188e+06,
Memory data volume [GBytes],0.0058,
STRUCT,Info,3
CPU name:,AMD Ryzen 5 4600G with Radeon Graphics,
CPU type:,AMD K17 (Zen2) architecture,
CPU clock:,3.692687813 GHz,
TABLE,Region sistema_linear_256,Group 1 Raw,MEM,6
Region Info,HWThread 3,
RDTSC Runtime [s],0.026107,
call count,25,
Event,Counter,HWThread 3
ACTUAL_CPU_CLOCK,FIXC1,125008100
MAX_CPU_CLOCK,FIXC2,107520400
RETIRED_INSTRUCTIONS,PMC0,57880250
CPU_CLOCKS_UNHALTED,PMC1,111004500
DRAM_CHANNEL_0,DFC0,79557
DRAM_CHANNEL_1,DFC1,72958
TABLE,Region sistema_linear_256,Group 1 Metric,MEM,6
Metric,HWThread 3,
Runtime (RDTSC) [s],0.0261,
Runtime unhalted [s],0.0339,
Clock [MHz],4293.2866,
CPI,1.9178,
Memory bandwidth [MBytes/s],1495.5360,
Memory data volume [GBytes],0.0390,
STRUCT,Info,3
CPU name:,AMD Ryzen 5 4600G with Radeon Graphics,
CPU type:,AMD K17 (Zen2) architecture,
CPU clock:,3.692949104 GHz,
TABLE,Region newton_512,Group 1 Raw,MEM,6
Region Info,HWThread 3,
RDTSC Runtime [s],0.068860,
call count,1,
Event,Counter,HWThread 3
ACTUAL_CPU_CLOCK,FIXC1,295645200
MAX_CPU_CLOCK,FIXC2,254739000
RETIRED_INSTRUCTIONS,PMC0,145612000
CPU_CLOCKS_UNHALTED,PMC1,239816800
DRAM_CHANNEL_0,DFC0,499881
DRAM_CHANNEL_1,DFC1,480845
TABLE,Region newton_512,Group 1 Metric,MEM,6
Metric,HWThread 3,
Runtime (RDTSC) [s],0.0689,
Runtime unhalted [s],0.0801,
Clock [MHz],4285.9659,
CPI,1.6470,
Memory bandwidth [MBytes/s],3646.0503,
Memory data volume [GBytes],0.2511,
STRUCT,Info,3
CPU name:,AMD Ryzen 5 4600G with Radeon Graphics,
CPU type:,AMD K17 (Zen2) architecture,
CPU clock:,3.692949104 GHz,
TABLE,Region jacobiana_512,Group 1 Raw,MEM,6
Region Info,HWThread 3,
RDTSC Runtime [s],0.000009,
call count,25,
Event,Counter,HWThread 3
ACTUAL_CPU_CLOCK,FIXC1,12664560
MAX_CPU_CLOCK,FIXC2,10818950
RETIRED_INSTRUCTIONS,PMC0,164823
CPU_CLOCKS_UNHALTED,PMC1,655461
DRAM_CHANNEL_0,DFC0,35881
DRAM_CHANNEL_1,DFC1,32602
TABLE,Region jacobiana_512,Group 1 Metric,MEM,6
Metric,HWThread 3,
Runtime (RDTSC) [s],9.437948e-06,
Runtime unhalted [s],0.0034,
Clock [MHz],4322.9311,
CPI,3.9768,
Memory bandwidth [MBytes/s],1.857570e+06,
Memory data volume [GBytes],0.0175,
STRUCT,Info,3
CPU name:,AMD Ryzen 5 4600G with Radeon Graphics,
CPU type:,AMD K17 (Zen2) architecture,
CPU clock:,3.692949104 GHz,
TABLE,Region sistema_linear_512,Group 1 Raw,MEM,6
Region Info,HWThread 3,
RDTSC Runtime [s],0.053603,
call count,25,
Event,Counter,HWThread 3
ACTUAL_CPU_CLOCK,FIXC1,242300900
MAX_CPU_CLOCK,FIXC2,208915700
RETIRED_INSTRUCTIONS,PMC0,115496300
CPU_CLOCKS_UNHALTED,PMC1,226353700
DRAM_CHANNEL_0,DFC0,326345
DRAM_CHANNEL_1,DFC1,316314
TABLE,Region sistema_linear_512,Group 1 Metric,MEM,6
Metric,HWThread 3,
Runtime (RDTSC) [s],0.0536,
Runtime unhalted [s],0.0656,
Clock [MHz],4283.0907,
CPI,1.9598,
Memory bandwidth [MBytes/s],3069.2558,
Memory data volume [GBytes],0.1645,
STRUCT,Info,3
CPU name:,AMD Ryzen 5 4600G with Radeon Graphics,
CPU type:,AMD K17 (Zen2) architecture,
CPU clock:,3.692963527 GHz,
TABLE,Region newton_1000,Group 1 Raw,MEM,6
Region Info,HWThread 3,
RDTSC Runtime [s],0.124545,
call count,1,
Event,Counter,HWThread 3
ACTUAL_CPU_CLOCK,FIXC1,533940000
MAX_CPU_CLOCK,FIXC2,460387600
RETIRED_INSTRUCTIONS,PMC0,283691800
CPU_CLOCKS_UNHALTED,PMC1,472773400
DRAM_CHANNEL_0,DFC0,881339
DRAM_CHANNEL_1,DFC1,850195
TABLE,Region newton_1000,Group 1 Metric,MEM,6
Metric,HWThread 3,
Runtime (RDTSC) [s],0.1245,
Runtime unhalted [s],0.1446,
Clock [MHz],4282.9584,
CPI,1.6665,
Memory bandwidth [MBytes/s],3559.1455,
Memory data volume [GBytes],0.4433,
STRUCT,Info,3
CPU name:,AMD Ryzen 5 4600G with Radeon Graphics,
CPU type:,AMD K17 (Zen2) architecture,
CPU clock:,3.692963527 GHz,
TABLE,Region jacobiana_1000,Group 1 Raw,MEM,6
Region Info,HWThread 3,
RDTSC Runtime [s],0.000014,
call count,25,
Event,Counter,HWThread 3
ACTUAL_CPU_CLOCK,FIXC1,12331840
MAX_CPU_CLOCK,FIXC2,10554990
RETIRED_INSTRUCTIONS,PMC0,189212
CPU_CLOCKS_UNHALTED,PMC1,671917
DRAM_CHANNEL_0,DFC0,27481
DRAM_CHANNEL_1,DFC1,26183
TABLE,Region jacobiana_1000,Group 1 Metric,MEM,6
Metric,HWThread 3,
Runtime (RDTSC) [s],1.373615e-05,
Runtime unhalted [s],0.0033,
Clock [MHz],4314.6450,
CPI,3.5511,
Memory bandwidth [MBytes/s],1.000134e+06,
Memory data volume [GBytes],0.0137,
STRUCT,Info,3
CPU name:,AMD Ryzen 5 4600G with Radeon Graphics,
CPU type:,AMD K17 (Zen2) architecture,
CPU clock:,3.692963527 GHz,
TABLE,Region sistema_linear_1000,Group 1 Raw,MEM,6
Region Info,HWThread 3,
RDTSC Runtime [s],0.106219,
call count,25,
Event,Counter,HWThread 3
ACTUAL_CPU_CLOCK,FIXC1,468218400
MAX_CPU_CLOCK,FIXC2,403748100
RETIRED_INSTRUCTIONS,PMC0,225327200
CPU_CLOCKS_UNHALTED,PMC1,448710300
DRAM_CHANNEL_0,DFC0,684683
DRAM_CHANNEL_1,DFC1,661910
TABLE,Region sistema_linear_1000,Group 1 Metric,MEM,6
Metric,HWThread 3,
Runtime (RDTSC) [s],0.1062,
Runtime unhalted [s],0.1268,
Clock [MHz],4282.6541,
CPI,1.9914,
Memory bandwidth [MBytes/s],3245.4409,
Memory data volume [GBytes],0.3447,
STRUCT,Info,3
CPU name:,AMD Ryzen 5 4600G with Radeon Graphics,
CPU type:,AMD K17 (Zen2) architecture,
CPU clock:,3.69172077 GHz,
TABLE,Region newton_2000,Group 1 Raw,MEM,6
Region Info,HWThread 3,
RDTSC Runtime [s],0.236801,
call count,1,
Event,Counter,HWThread 3
ACTUAL_CPU_CLOCK,FIXC1,1014877000
MAX_CPU_CLOCK,FIXC2,874657200
RETIRED_INSTRUCTIONS,PMC0,566904700
CPU_CLOCKS_UNHALTED,PMC1,942529000
DRAM_CHANNEL_0,DFC0,850772
DRAM_CHANNEL_1,DFC1,811620
TABLE,Region newton_2000,Group 1 Metric,MEM,6
Metric,HWThread 3,
Runtime (RDTSC) [s],0.2368,
Runtime unhalted [s],0.2749,
Clock [MHz],4283.5553,
CPI,1.6626,
Memory bandwidth [MBytes/s],1797.1760,
Memory data volume [GBytes],0.4256,
STRUCT,Info,3
CPU name:,AMD Ryzen 5 4600G with Radeon Graphics,
CPU type:,AMD K17 (Zen2) architecture,
CPU clock:,3.69172077 GHz,
TABLE,Region jacobiana_2000,Group 1 Raw,MEM,6
Region Info,HWThread 3,
RDTSC Runtime [s],0.000025,
call count,25,
Event,Counter,HWThread 3
ACTUAL_CPU_CLOCK,FIXC1,12563890
MAX_CPU_CLOCK,FIXC2,10702800
RETIRED_INSTRUCTIONS,PMC0,239212
CPU_CLOCKS_UNHALTED,PMC1,739537
DRAM_CHANNEL_0,DFC0,19051
DRAM_CHANNEL_1,DFC1,18076
TABLE,Region jacobiana_2000,Group 1 Metric,MEM,6
Metric,HWThread 3,
Runtime (RDTSC) [s],2.473575e-05,
Runtime unhalted [s],0.0034,
Clock [MHz],4333.6672,
CPI,3.0916,
Memory bandwidth [MBytes/s],384241.9171,
Memory data volume [GBytes],0.0095,
STRUCT,Info,3
CPU name:,AMD Ryzen 5 4600G with Radeon Graphics,
CPU type:,AMD K17 (Zen2) architecture,
CPU clock:,3.69172077 GHz,
TABLE,Region sistema_linear_2000,Group 1 Raw,MEM,6
Region Info,HWThread 3,
RDTSC Runtime [s],0.212089,
call count,25,
Event,Counter,HWThread 3
ACTUAL_CPU_CLOCK,FIXC1,921060700
MAX_CPU_CLOCK,FIXC2,793936800
RETIRED_INSTRUCTIONS,PMC0,450389600
CPU_CLOCKS_UNHALTED,PMC1,896164700
DRAM_CHANNEL_0,DFC0,608992
DRAM_CHANNEL_1,DFC1,583468
TABLE,Region sistema_linear_2000,Group 1 Metric,MEM,6
Metric,HWThread 3,
Runtime (RDTSC) [s],0.2121,
Runtime unhalted [s],0.2495,
Clock [MHz],4282.8332,
CPI,1.9898,
Memory bandwidth [MBytes/s],1439.3468,
Memory data volume [GBytes],0.3053,
STRUCT,Info,3
CPU name:,AMD Ryzen 5 4600G with Radeon Graphics,
CPU type:,AMD K17 (Zen2) architecture,
CPU clock:,3.692960434 GHz,
TABLE,Region newton_4000,Group 1 Raw,MEM,6
Region Info,HWThread 3,
RDTSC Runtime [s],0.462500,
call count,1,
Event,Counter,HWThread 3
ACTUAL_CPU_CLOCK,FIXC1,1981268000
MAX_CPU_CLOCK,FIXC2,1707798000
RETIRED_INSTRUCTIONS,PMC0,1133329000
CPU_CLOCKS_UNHALTED,PMC1,1887013000
DRAM_CHANNEL_0,DFC0,2122948
DRAM_CHANNEL_1,DFC1,2042740
TABLE,Region newton_4000,Group 1 Metric,MEM,6
Metric,HWThread 3,
Runtime (RDTSC) [s],0.4625,
Runtime unhalted [s],0.5365,
Clock [MHz],4284.3149,
CPI,1.6650,
Memory bandwidth [MBytes/s],2305.7641,
Memory data volume [GBytes],1.0664,
STRUCT,Info,3
CPU name:,AMD Ryzen 5 4600G with Radeon Graphics,
CPU type:,AMD K17 (Zen2) architecture,
CPU clock:,3.692960434 GHz,
TABLE,Region jacobiana_4000,Group 1 Raw,MEM,6
Region Info,HWThread 3,
RDTSC Runtime [s],0.000048,
call count,25,
Event,Counter,HWThread 3
ACTUAL_CPU_CLOCK,FIXC1,12520550
MAX_CPU_CLOCK,FIXC2,10713760
RETIRED_INSTRUCTIONS,PMC0,339213
CPU_CLOCKS_UNHALTED,PMC1,843782
DRAM_CHANNEL_0,DFC0,22942
DRAM_CHANNEL_1,DFC1,23481
TABLE,Region jacobiana_4000,Group 1 Metric,MEM,6
Metric,HWThread 3,
Runtime (RDTSC) [s],4.848228e-05,
Runtime unhalted [s],0.0034,
Clock [MHz],4315.7487,
CPI,2.4875,
Memory bandwidth [MBytes/s],245126.4256,
Memory data volume [GBytes],0.0119,
STRUCT,Info,3
CPU name:,AMD Ryzen 5 4600G with Radeon Graphics,
CPU type:,AMD K17 (Zen2) architecture,
CPU clock:,3.692960434 GHz,
TABLE,Region sistema_linear_4000,Group 1 Raw,MEM,6
Region Info,HWThread 3,
RDTSC Runtime [s],0.424791,
call count,25,
Event,Counter,HWThread 3
ACTUAL_CPU_CLOCK,FIXC1,1833495000
MAX_CPU_CLOCK,FIXC2,1580568000
RETIRED_INSTRUCTIONS,PMC0,900514800
CPU_CLOCKS_UNHALTED,PMC1,1796909000
DRAM_CHANNEL_0,DFC0,1662140
DRAM_CHANNEL_1,DFC1,1600336
TABLE,Region sistema_linear_4000,Group 1 Metric,MEM,6
Metric,HWThread 3,
Runtime (RDTSC) [s],0.4248,
Runtime unhalted [s],0.4965,
Clock [MHz],4283.9185,
CPI,1.9954,
Memory bandwidth [MBytes/s],1966.1293,
Memory data volume [GBytes],0.8352,
