STRUCT,Info,3
CPU name:,AMD Ryzen 5 4600G with Radeon Graphics,
CPU type:,AMD K17 (Zen2) architecture,
CPU clock:,3.692983638 GHz,
TABLE,Region newton_32,Group 1 Raw,MEM,6
Region Info,HWThread 3,
RDTSC Runtime [s],0.012862,
call count,1,
Event,Counter,HWThread 3
ACTUAL_CPU_CLOCK,FIXC1,55612080
MAX_CPU_CLOCK,FIXC2,47921180
RETIRED_INSTRUCTIONS,PMC0,9816173
CPU_CLOCKS_UNHALTED,PMC1,12999060
DRAM_CHANNEL_0,DFC0,48804
DRAM_CHANNEL_1,DFC1,53646
TABLE,Region newton_32,Group 1 Metric,MEM,6
Metric,HWThread 3,
Runtime (RDTSC) [s],0.0129,
Runtime unhalted [s],0.0151,
Clock [MHz],4285.6729,
CPI,1.3242,
Memory bandwidth [MBytes/s],2039.1912,
Memory data volume [GBytes],0.0262,
STRUCT,Info,3
CPU name:,AMD Ryzen 5 4600G with Radeon Graphics,
CPU type:,AMD K17 (Zen2) architecture,
CPU clock:,3.692983638 GHz,
TABLE,Region jacobiana_32,Group 1 Raw,MEM,6
Region Info,HWThread 3,
RDTSC Runtime [s],0.000002,
call count,25,
Event,Counter,HWThread 3
ACTUAL_CPU_CLOCK,FIXC1,10823780
MAX_CPU_CLOCK,FIXC2,9161718
RETIRED_INSTRUCTIONS,PMC0,141601
CPU_CLOCKS_UNHALTED,PMC1,587784
DRAM_CHANNEL_0,DFC0,9517
DRAM_CHANNEL_1,DFC1,9848
TABLE,Region jacobiana_32,Group 1 Metric,MEM,6
Metric,HWThread 3,
Runtime (RDTSC) [s],2.354466e-06,
Runtime unhalted [s],0.0029,
Clock [MHz],4362.9418,
CPI,4.1510,
Memory bandwidth [MBytes/s],2.105547e+06,
Memory data volume [GBytes],0.0050,
STRUCT,Info,3
CPU name:,AMD Ryzen 5 4600G with Radeon Graphics,
CPU type:,AMD K17 (Zen2) architecture,
CPU clock:,3.692983638 GHz,
TABLE,Region sistema_linear_32,Group 1 Raw,MEM,6
Region Info,HWThread 3,
RDTSC Runtime [s],0.002380,
call count,25,
Event,Counter,HWThread 3
ACTUAL_CPU_CLOCK,FIXC1,20800660
MAX_CPU_CLOCK,FIXC2,17977780
RETIRED_INSTRUCTIONS,PMC0,7465514
CPU_CLOCKS_UNHALTED,PMC1,10193920
DRAM_CHANNEL_0,DFC0,14637
DRAM_CHANNEL_1,DFC1,14145
TABLE,Region sistema_linear_32,Group 1 Metric,MEM,6
Metric,HWThread 3,
Runtime (RDTSC) [s],0.0024,
Runtime unhalted [s],0.0056,
Clock [MHz],4272.8578,
CPI,1.3655,
Memory bandwidth [MBytes/s],3096.1079,
Memory data volume [GBytes],0.0074,
STRUCT,Info,3
CPU name:,AMD Ryzen 5 4600G with Radeon Graphics,
CPU type:,AMD K17 (Zen2) architecture,
CPU clock:,3.69298268 GHz,
TABLE,Region newton_64,Group 1 Raw,MEM,6
Region Info,HWThread 3,
RDTSC Runtime [s],0.017123,
call count,1,
Event,Counter,HWThread 3
ACTUAL_CPU_CLOCK,FIXC1,73865430
MAX_CPU_CLOCK,FIXC2,63655800
RETIRED_INSTRUCTIONS,PMC0,18862600
CPU_CLOCKS_UNHALTED,PMC1,28207840
DRAM_CHANNEL_0,DFC0,61282
DRAM_CHANNEL_1,DFC1,61324
TABLE,Region newton_64,Group 1 Metric,MEM,6
Metric,HWThread 3,
Runtime (RDTSC) [s],0.0171,
Runtime unhalted [s],0.0200,
Clock [MHz],4285.2930,
CPI,1.4954,
Memory bandwidth [MBytes/s],1833.0246,
Memory data volume [GBytes],0.0314,
STRUCT,Info,3
CPU name:,AMD Ryzen 5 4600G with Radeon Graphics,
CPU type:,AMD K17 (Zen2) architecture,
CPU clock:,3.69298268 GHz,
TABLE,Region jacobiana_64,Group 1 Raw,MEM,6
Region Info,HWThread 3,
RDTSC Runtime [s],0.000003,
call count,25,
Event,Counter,HWThread 3
ACTUAL_CPU_CLOCK,FIXC1,11710610
MAX_CPU_CLOCK,FIXC2,10543700
RETIRED_INSTRUCTIONS,PMC0,142612
CPU_CLOCKS_UNHALTED,PMC1,620390
DRAM_CHANNEL_0,DFC0,10876
DRAM_CHANNEL_1,DFC1,11476
TABLE,Region jacobiana_64,Group 1 Metric,MEM,6
Metric,HWThread 3,
Runtime (RDTSC) [s],2.805381e-06,
Runtime unhalted [s],0.0032,
Clock [MHz],4101.6986,
CPI,4.3502,
Memory bandwidth [MBytes/s],2.039692e+06,
Memory data volume [GBytes],0.0057,
STRUCT,Info,3
CPU name:,AMD Ryzen 5 4600G with Radeon Graphics,
CPU type:,AMD K17 (Zen2) architecture,
CPU clock:,3.69298268 GHz,
TABLE,Region sistema_linear_64,Group 1 Raw,MEM,6
Region Info,HWThread 3,
RDTSC Runtime [s],0.005624,
call count,25,
Event,Counter,HWThread 3
ACTUAL_CPU_CLOCK,FIXC1,34875600
MAX_CPU_CLOCK,FIXC2,30000340
RETIRED_INSTRUCTIONS,PMC0,14668380
CPU_CLOCKS_UNHALTED,PMC1,24609490
DRAM_CHANNEL_0,DFC0,15244
DRAM_CHANNEL_1,DFC1,14674
TABLE,Region sistema_linear_64,Group 1 Metric,MEM,6
Metric,HWThread 3,
Runtime (RDTSC) [s],0.0056,
Runtime unhalted [s],0.0094,
Clock [MHz],4293.1176,
CPI,1.6777,
Memory bandwidth [MBytes/s],1361.7886,
Memory data volume [GBytes],0.0077,
STRUCT,Info,3
CPU name:,AMD Ryzen 5 4600G with Radeon Graphics,
CPU type:,AMD K17 (Zen2) architecture,
CPU clock:,3.69298372 GHz,
TABLE,Region newton_128,Group 1 Raw,MEM,6
Region Info,HWThread 3,
RDTSC Runtime [s],0.024680,
call count,1,
Event,Counter,HWThread 3
ACTUAL_CPU_CLOCK,FIXC1,106222400
MAX_CPU_CLOCK,FIXC2,91572150
RETIRED_INSTRUCTIONS,PMC0,36957730
CPU_CLOCKS_UNHALTED,PMC1,58378750
DRAM_CHANNEL_0,DFC0,73264
DRAM_CHANNEL_1,DFC1,71116
TABLE,Region newton_128,Group 1 Metric,MEM,6
Metric,HWThread 3,
Runtime (RDTSC) [s],0.0247,
Runtime unhalted [s],0.0288,
Clock [MHz],4283.8089,
CPI,1.5796,
Memory bandwidth [MBytes/s],1497.6347,
Memory data volume [GBytes],0.0370,
STRUCT,Info,3
CPU name:,AMD Ryzen 5 4600G with Radeon Graphics,
CPU type:,AMD K17 (Zen2) architecture,
CPU clock:,3.69298372 GHz,
TABLE,Region jacobiana_128,Group 1 Raw,MEM,6
Region Info,HWThread 3,
RDTSC Runtime [s],0.000004,
call count,25,
Event,Counter,HWThread 3
ACTUAL_CPU_CLOCK,FIXC1,12587680
MAX_CPU_CLOCK,FIXC2,10778360
RETIRED_INSTRUCTIONS,PMC0,145588
CPU_CLOCKS_UNHALTED,PMC1,618595
DRAM_CHANNEL_0,DFC0,10670
DRAM_CHANNEL_1,DFC1,9717
TABLE,Region jacobiana_128,Group 1 Metric,MEM,6
Metric,HWThread 3,
Runtime (RDTSC) [s],3.797212e-06,
Runtime unhalted [s],0.0034,
Clock [MHz],4312.9101,
CPI,4.2489,
Memory bandwidth [MBytes/s],1.374448e+06,
Memory data volume [GBytes],0.0052,
STRUCT,Info,3
CPU name:,AMD Ryzen 5 4600G with Radeon Graphics,
CPU type:,AMD K17 (Zen2) architecture,
CPU clock:,3.69298372 GHz,
TABLE,Region sistema_linear_128,Group 1 Raw,MEM,6
Region Info,HWThread 3,
RDTSC Runtime [s],0.012338,
call count,25,
Event,Counter,HWThread 3
ACTUAL_CPU_CLOCK,FIXC1,63990160
MAX_CPU_CLOCK,FIXC2,55273190
RETIRED_INSTRUCTIONS,PMC0,29072000
CPU_CLOCKS_UNHALTED,PMC1,53356110
DRAM_CHANNEL_0,DFC0,10525
DRAM_CHANNEL_1,DFC1,10230
TABLE,Region sistema_linear_128,Group 1 Metric,MEM,6
Metric,HWThread 3,
Runtime (RDTSC) [s],0.0123,
Runtime unhalted [s],0.0173,
Clock [MHz],4275.3932,
CPI,1.8353,
Memory bandwidth [MBytes/s],430.6453,
Memory data volume [GBytes],0.0053,
STRUCT,Info,3
CPU name:,AMD Ryzen 5 4600G with Radeon Graphics,
CPU type:,AMD K17 (Zen2) architecture,
CPU clock:,3.692986734 GHz,
TABLE,Region newton_256,Group 1 Raw,MEM,6
Region Info,HWThread 3,
RDTSC Runtime [s],0.039113,
call count,1,
Event,Counter,HWThread 3
ACTUAL_CPU_CLOCK,FIXC1,168108000
MAX_CPU_CLOCK,FIXC2,144845000
RETIRED_INSTRUCTIONS,PMC0,73179230
CPU_CLOCKS_UNHALTED,PMC1,119011500
DRAM_CHANNEL_0,DFC0,106927
DRAM_CHANNEL_1,DFC1,96755
TABLE,Region newton_256,Group 1 Metric,MEM,6
Metric,HWThread 3,
Runtime (RDTSC) [s],0.0391,
Runtime unhalted [s],0.0455,
Clock [MHz],4286.1032,
CPI,1.6263,
Memory bandwidth [MBytes/s],1333.1160,
Memory data volume [GBytes],0.0521,
STRUCT,Info,3
CPU name:,AMD Ryzen 5 4600G with Radeon Graphics,
CPU type:,AMD K17 (Zen2) architecture,
CPU clock:,3.692986734 GHz,
TABLE,Region jacobiana_256,Group 1 Raw,MEM,6
Region Info,HWThread 3,
RDTSC Runtime [s],0.000005,
call count,25,
Event,Counter,HWThread 3
ACTUAL_CPU_CLOCK,FIXC1,12082310
MAX_CPU_CLOCK,FIXC2,10355490
RETIRED_INSTRUCTIONS,PMC0,151989
CPU_CLOCKS_UNHALTED,PMC1,633107
DRAM_CHANNEL_0,DFC0,10075
DRAM_CHANNEL_1,DFC1,8072
TABLE,Region jacobiana_256,Group 1 Metric,MEM,6
Metric,HWThread 3,
Runtime (RDTSC) [s],5.310075e-06,
Runtime unhalted [s],0.0033,
Clock [MHz],4308.8073,
CPI,4.1655,
Memory bandwidth [MBytes/s],874871.2589,
Memory data volume [GBytes],0.0046,
STRUCT,Info,3
CPU name:,AMD Ryzen 5 4600G with Radeon Graphics,
CPU type:,AMD K17 (Zen2) architecture,
CPU clock:,3.692986734 GHz,
TABLE,Region sistema_linear_256,Group 1 Raw,MEM,6
Region Info,HWThread 3,
RDTSC Runtime [s],0.026103,
call count,25,
Event,Counter,HWThread 3
ACTUAL_CPU_CLOCK,FIXC1,123456300
MAX_CPU_CLOCK,FIXC2,106424800
RETIRED_INSTRUCTIONS,PMC0,57880210
CPU_CLOCKS_UNHALTED,PMC1,111002200
DRAM_CHANNEL_0,DFC0,23178
DRAM_CHANNEL_1,DFC1,23922
TABLE,Region sistema_linear_256,Group 1 Metric,MEM,6
Metric,HWThread 3,
Runtime (RDTSC) [s],0.0261,
Runtime unhalted [s],0.0334,
Clock [MHz],4283.9872,
CPI,1.9178,
Memory bandwidth [MBytes/s],461.9278,
Memory data volume [GBytes],0.0121,
STRUCT,Info,3
CPU name:,AMD Ryzen 5 4600G with Radeon Graphics,
CPU type:,AMD K17 (Zen2) architecture,
CPU clock:,3.69298718 GHz,
TABLE,Region newton_512,Group 1 Raw,MEM,6
Region Info,HWThread 3,
RDTSC Runtime [s],0.067684,
call count,1,
Event,Counter,HWThread 3
ACTUAL_CPU_CLOCK,FIXC1,290595000
MAX_CPU_CLOCK,FIXC2,250381200
RETIRED_INSTRUCTIONS,PMC0,145614000
CPU_CLOCKS_UNHALTED,PMC1,240065600
DRAM_CHANNEL_0,DFC0,115402
DRAM_CHANNEL_1,DFC1,108971
TABLE,Region newton_512,Group 1 Metric,MEM,6
Metric,HWThread 3,
Runtime (RDTSC) [s],0.0677,
Runtime unhalted [s],0.0787,
Clock [MHz],4286.1190,
CPI,1.6486,
Memory bandwidth [MBytes/s],848.6478,
Memory data volume [GBytes],0.0574,
STRUCT,Info,3
CPU name:,AMD Ryzen 5 4600G with Radeon Graphics,
CPU type:,AMD K17 (Zen2) architecture,
CPU clock:,3.69298718 GHz,
TABLE,Region jacobiana_512,Group 1 Raw,MEM,6
Region Info,HWThread 3,
RDTSC Runtime [s],0.000009,
call count,25,
Event,Counter,HWThread 3
ACTUAL_CPU_CLOCK,FIXC1,12623560
MAX_CPU_CLOCK,FIXC2,10815880
RETIRED_INSTRUCTIONS,PMC0,164823
CPU_CLOCKS_UNHALTED,PMC1,646723
DRAM_CHANNEL_0,DFC0,10076
DRAM_CHANNEL_1,DFC1,10271
TABLE,Region jacobiana_512,Group 1 Metric,MEM,6
Metric,HWThread 3,
Runtime (RDTSC) [s],8.706499e-06,
Runtime unhalted [s],0.0034,
Clock [MHz],4310.2036,
CPI,3.9237,
Memory bandwidth [MBytes/s],598269.4077,
Memory data volume [GBytes],0.0052,
STRUCT,Info,3
CPU name:,AMD Ryzen 5 4600G with Radeon Graphics,
CPU type:,AMD K17 (Zen2) architecture,
CPU clock:,3.69298718 GHz,
TABLE,Region sistema_linear_512,Group 1 Raw,MEM,6
Region Info,HWThread 3,
RDTSC Runtime [s],0.052992,
call count,25,
Event,Counter,HWThread 3
ACTUAL_CPU_CLOCK,FIXC1,238858700
MAX_CPU_CLOCK,FIXC2,205813400
RETIRED_INSTRUCTIONS,PMC0,115496300
CPU_CLOCKS_UNHALTED,PMC1,226245800
DRAM_CHANNEL_0,DFC0,30121
DRAM_CHANNEL_1,DFC1,29198
TABLE,Region sistema_linear_512,Group 1 Metric,MEM,6
Metric,HWThread 3,
Runtime (RDTSC) [s],0.0530,
Runtime unhalted [s],0.0647,
Clock [MHz],4285.9314,
CPI,1.9589,
Memory bandwidth [MBytes/s],286.5629,
Memory data volume [GBytes],0.0152,
STRUCT,Info,3
CPU name:,AMD Ryzen 5 4600G with Radeon Graphics,
CPU type:,AMD K17 (Zen2) architecture,
CPU clock:,3.692711926 GHz,
TABLE,Region newton_1000,Group 1 Raw,MEM,6
Region Info,HWThread 3,
RDTSC Runtime [s],0.122799,
call count,1,
Event,Counter,HWThread 3
ACTUAL_CPU_CLOCK,FIXC1,526729800
MAX_CPU_CLOCK,FIXC2,453929800
RETIRED_INSTRUCTIONS,PMC0,283693800
CPU_CLOCKS_UNHALTED,PMC1,473175600
DRAM_CHANNEL_0,DFC0,195503
DRAM_CHANNEL_1,DFC1,188684
TABLE,Region newton_1000,Group 1 Metric,MEM,6
Metric,HWThread 3,
Runtime (RDTSC) [s],0.1228,
Runtime unhalted [s],0.1426,
Clock [MHz],4284.9388,
CPI,1.6679,
Memory bandwidth [MBytes/s],800.9195,
Memory data volume [GBytes],0.0984,
STRUCT,Info,3
CPU name:,AMD Ryzen 5 4600G with Radeon Graphics,
CPU type:,AMD K17 (Zen2) architecture,
CPU clock:,3.692711926 GHz,
TABLE,Region jacobiana_1000,Group 1 Raw,MEM,6
Region Info,HWThread 3,
RDTSC Runtime [s],0.000013,
call count,25,
Event,Counter,HWThread 3
ACTUAL_CPU_CLOCK,FIXC1,11999940
MAX_CPU_CLOCK,FIXC2,10282150
RETIRED_INSTRUCTIONS,PMC0,189248
CPU_CLOCKS_UNHALTED,PMC1,680234
DRAM_CHANNEL_0,DFC0,10646
DRAM_CHANNEL_1,DFC1,11295
TABLE,Region jacobiana_1000,Group 1 Metric,MEM,6
Metric,HWThread 3,
Runtime (RDTSC) [s],1.279425e-05,
Runtime unhalted [s],0.0032,
Clock [MHz],4309.6358,
CPI,3.5944,
Memory bandwidth [MBytes/s],439017.2148,
Memory data volume [GBytes],0.0056,
STRUCT,Info,3
CPU name:,AMD Ryzen 5 4600G with Radeon Graphics,
CPU type:,AMD K17 (Zen2) architecture,
CPU clock:,3.692711926 GHz,
TABLE,Region sistema_linear_1000,Group 1 Raw,MEM,6
Region Info,HWThread 3,
RDTSC Runtime [s],0.105364,
call count,25,
Event,Counter,HWThread 3
ACTUAL_CPU_CLOCK,FIXC1,463285400
MAX_CPU_CLOCK,FIXC2,399356700
RETIRED_INSTRUCTIONS,PMC0,225327000
CPU_CLOCKS_UNHALTED,PMC1,448625700
DRAM_CHANNEL_0,DFC0,104410
DRAM_CHANNEL_1,DFC1,101867
TABLE,Region sistema_linear_1000,Group 1 Metric,MEM,6
Metric,HWThread 3,
Runtime (RDTSC) [s],0.1054,
Runtime unhalted [s],0.1255,
Clock [MHz],4283.8383,
CPI,1.9910,
Memory bandwidth [MBytes/s],501.1846,
Memory data volume [GBytes],0.0528,
STRUCT,Info,3
CPU name:,AMD Ryzen 5 4600G with Radeon Graphics,
CPU type:,AMD K17 (Zen2) architecture,
CPU clock:,3.692775327 GHz,
TABLE,Region newton_2000,Group 1 Raw,MEM,6
Region Info,HWThread 3,
RDTSC Runtime [s],0.234040,
call count,1,
Event,Counter,HWThread 3
ACTUAL_CPU_CLOCK,FIXC1,1003519000
MAX_CPU_CLOCK,FIXC2,864723500
RETIRED_INSTRUCTIONS,PMC0,566906600
CPU_CLOCKS_UNHALTED,PMC1,943674300
DRAM_CHANNEL_0,DFC0,277652
DRAM_CHANNEL_1,DFC1,269126
TABLE,Region newton_2000,Group 1 Metric,MEM,6
Metric,HWThread 3,
Runtime (RDTSC) [s],0.2340,
Runtime unhalted [s],0.2718,
Clock [MHz],4285.4973,
CPI,1.6646,
Memory bandwidth [MBytes/s],598.0812,
Memory data volume [GBytes],0.1400,
STRUCT,Info,3
CPU name:,AMD Ryzen 5 4600G with Radeon Graphics,
CPU type:,AMD K17 (Zen2) architecture,
CPU clock:,3.692775327 GHz,
TABLE,Region jacobiana_2000,Group 1 Raw,MEM,6
Region Info,HWThread 3,
RDTSC Runtime [s],0.000023,
call count,25,
Event,Counter,HWThread 3
ACTUAL_CPU_CLOCK,FIXC1,12119320
MAX_CPU_CLOCK,FIXC2,10406730
RETIRED_INSTRUCTIONS,PMC0,239212
CPU_CLOCKS_UNHALTED,PMC1,736210
DRAM_CHANNEL_0,DFC0,13572
DRAM_CHANNEL_1,DFC1,12679
TABLE,Region jacobiana_2000,Group 1 Metric,MEM,6
Metric,HWThread 3,
Runtime (RDTSC) [s],2.310382e-05,
Runtime unhalted [s],0.0033,
Clock [MHz],4300.4792,
CPI,3.0776,
Memory bandwidth [MBytes/s],290872.0722,
Memory data volume [GBytes],0.0067,
STRUCT,Info,3
CPU name:,AMD Ryzen 5 4600G with Radeon Graphics,
CPU type:,AMD K17 (Zen2) architecture,
CPU clock:,3.692775327 GHz,
TABLE,Region sistema_linear_2000,Group 1 Raw,MEM,6
Region Info,HWThread 3,
RDTSC Runtime [s],0.209958,
call count,25,
Event,Counter,HWThread 3
ACTUAL_CPU_CLOCK,FIXC1,911840700
MAX_CPU_CLOCK,FIXC2,785778200
RETIRED_INSTRUCTIONS,PMC0,450389700
CPU_CLOCKS_UNHALTED,PMC1,896057400
DRAM_CHANNEL_0,DFC0,139233
DRAM_CHANNEL_1,DFC1,134527
TABLE,Region sistema_linear_2000,Group 1 Metric,MEM,6
Metric,HWThread 3,
Runtime (RDTSC) [s],0.2100,
Runtime unhalted [s],0.2469,
Clock [MHz],4285.2078,
CPI,1.9895,
Memory bandwidth [MBytes/s],333.7926,
Memory data volume [GBytes],0.0701,
STRUCT,Info,3
CPU name:,AMD Ryzen 5 4600G with Radeon Graphics,
CPU type:,AMD K17 (Zen2) architecture,
CPU clock:,3.692986036 GHz,
TABLE,Region newton_4000,Group 1 Raw,MEM,6
Region Info,HWThread 3,
RDTSC Runtime [s],0.457030,
call count,1,
Event,Counter,HWThread 3
ACTUAL_CPU_CLOCK,FIXC1,1959427000
MAX_CPU_CLOCK,FIXC2,1688229000
RETIRED_INSTRUCTIONS,PMC0,1133331000
CPU_CLOCKS_UNHALTED,PMC1,1888804000
DRAM_CHANNEL_0,DFC0,375023
DRAM_CHANNEL_1,DFC1,354597
TABLE,Region newton_4000,Group 1 Metric,MEM,6
Metric,HWThread 3,
Runtime (RDTSC) [s],0.4570,
Runtime unhalted [s],0.5306,
Clock [MHz],4286.2293,
CPI,1.6666,
Memory bandwidth [MBytes/s],408.6880,
Memory data volume [GBytes],0.1868,
STRUCT,Info,3
CPU name:,AMD Ryzen 5 4600G with Radeon Graphics,
CPU type:,AMD K17 (Zen2) architecture,
CPU clock:,3.692986036 GHz,
TABLE,Region jacobiana_4000,Group 1 Raw,MEM,6
Region Info,HWThread 3,
RDTSC Runtime [s],0.000044,
call count,25,
Event,Counter,HWThread 3
ACTUAL_CPU_CLOCK,FIXC1,12205260
MAX_CPU_CLOCK,FIXC2,10444210
RETIRED_INSTRUCTIONS,PMC0,339248
CPU_CLOCKS_UNHALTED,PMC1,816053
DRAM_CHANNEL_0,DFC0,9193
DRAM_CHANNEL_1,DFC1,8767
TABLE,Region jacobiana_4000,Group 1 Metric,MEM,6
Metric,HWThread 3,
Runtime (RDTSC) [s],4.407352e-05,
Runtime unhalted [s],0.0033,
Clock [MHz],4315.6787,
CPI,2.4055,
Memory bandwidth [MBytes/s],104320.2358,
Memory data volume [GBytes],0.0046,
STRUCT,Info,3
CPU name:,AMD Ryzen 5 4600G with Radeon Graphics,
CPU type:,AMD K17 (Zen2) architecture,
CPU clock:,3.692986036 GHz,
TABLE,Region sistema_linear_4000,Group 1 Raw,MEM,6
Region Info,HWThread 3,
RDTSC Runtime [s],0.420861,
call count,25,
Event,Counter,HWThread 3
ACTUAL_CPU_CLOCK,FIXC1,1815946000
MAX_CPU_CLOCK,FIXC2,1564615000
RETIRED_INSTRUCTIONS,PMC0,900514900
CPU_CLOCKS_UNHALTED,PMC1,1796286000
DRAM_CHANNEL_0,DFC0,152170
DRAM_CHANNEL_1,DFC1,146544
TABLE,Region sistema_linear_4000,Group 1 Metric,MEM,6
Metric,HWThread 3,
Runtime (RDTSC) [s],0.4209,
Runtime unhalted [s],0.4917,
Clock [MHz],4286.2067,
CPI,1.9947,
Memory bandwidth [MBytes/s],181.7007,
Memory data volume [GBytes],0.0765,
