STRUCT,Info,3
CPU name:,AMD Ryzen 5 4600G with Radeon Graphics,
CPU type:,AMD K17 (Zen2) architecture,
CPU clock:,3.693048223 GHz,
TABLE,Region newton_32,Group 1 Raw,MEM,6
Region Info,HWThread 3,
RDTSC Runtime [s],0.012819,
call count,1,
Event,Counter,HWThread 3
ACTUAL_CPU_CLOCK,FIXC1,55367700
MAX_CPU_CLOCK,FIXC2,47743500
RETIRED_INSTRUCTIONS,PMC0,9919189
CPU_CLOCKS_UNHALTED,PMC1,13038530
DRAM_CHANNEL_0,DFC0,54158
DRAM_CHANNEL_1,DFC1,54341
TABLE,Region newton_32,Group 1 Metric,MEM,6
Metric,HWThread 3,
Runtime (RDTSC) [s],0.0128,
Runtime unhalted [s],0.0150,
Clock [MHz],4282.7942,
CPI,1.3145,
Memory bandwidth [MBytes/s],2166.7333,
Memory data volume [GBytes],0.0278,
STRUCT,Info,3
CPU name:,AMD Ryzen 5 4600G with Radeon Graphics,
CPU type:,AMD K17 (Zen2) architecture,
CPU clock:,3.693048223 GHz,
TABLE,Region jacobiana_32,Group 1 Raw,MEM,6
Region Info,HWThread 3,
RDTSC Runtime [s],0.000003,
call count,25,
Event,Counter,HWThread 3
ACTUAL_CPU_CLOCK,FIXC1,10860310
MAX_CPU_CLOCK,FIXC2,9135041
RETIRED_INSTRUCTIONS,PMC0,142240
CPU_CLOCKS_UNHALTED,PMC1,583635
DRAM_CHANNEL_0,DFC0,9507
DRAM_CHANNEL_1,DFC1,13723
TABLE,Region jacobiana_32,Group 1 Metric,MEM,6
Metric,HWThread 3,
Runtime (RDTSC) [s],2.795528e-06,
Runtime unhalted [s],0.0029,
Clock [MHz],4390.5275,
CPI,4.1032,
Memory bandwidth [MBytes/s],2.127283e+06,
Memory data volume [GBytes],0.0059,
STRUCT,Info,3
CPU name:,AMD Ryzen 5 4600G with Radeon Graphics,
CPU type:,AMD K17 (Zen2) architecture,
CPU clock:,3.693048223 GHz,
TABLE,Region sistema_linear_32,Group 1 Raw,MEM,6
Region Info,HWThread 3,
RDTSC Runtime [s],0.002248,
call count,25,
Event,Counter,HWThread 3
ACTUAL_CPU_CLOCK,FIXC1,19801940
MAX_CPU_CLOCK,FIXC2,17169260
RETIRED_INSTRUCTIONS,PMC0,7567537
CPU_CLOCKS_UNHALTED,PMC1,10199970
DRAM_CHANNEL_0,DFC0,10853
DRAM_CHANNEL_1,DFC1,10887
TABLE,Region sistema_linear_32,Group 1 Metric,MEM,6
Metric,HWThread 3,
Runtime (RDTSC) [s],0.0022,
Runtime unhalted [s],0.0054,
Clock [MHz],4259.3286,
CPI,1.3479,
Memory bandwidth [MBytes/s],2475.2825,
Memory data volume [GBytes],0.0056,
STRUCT,Info,3
CPU name:,AMD Ryzen 5 4600G with Radeon Graphics,
CPU type:,AMD K17 (Zen2) architecture,
CPU clock:,3.693052294 GHz,
TABLE,Region newton_64,Group 1 Raw,MEM,6
Region Info,HWThread 3,
RDTSC Runtime [s],0.017109,
call count,1,
Event,Counter,HWThread 3
ACTUAL_CPU_CLOCK,FIXC1,73820360
MAX_CPU_CLOCK,FIXC2,63598560
RETIRED_INSTRUCTIONS,PMC0,18968830
CPU_CLOCKS_UNHALTED,PMC1,28171220
DRAM_CHANNEL_0,DFC0,61656
DRAM_CHANNEL_1,DFC1,59957
TABLE,Region newton_64,Group 1 Metric,MEM,6
Metric,HWThread 3,
Runtime (RDTSC) [s],0.0171,
Runtime unhalted [s],0.0200,
Clock [MHz],4286.6136,
CPI,1.4851,
Memory bandwidth [MBytes/s],1819.7079,
Memory data volume [GBytes],0.0311,
STRUCT,Info,3
CPU name:,AMD Ryzen 5 4600G with Radeon Graphics,
CPU type:,AMD K17 (Zen2) architecture,
CPU clock:,3.693052294 GHz,
TABLE,Region jacobiana_64,Group 1 Raw,MEM,6
Region Info,HWThread 3,
RDTSC Runtime [s],0.000003,
call count,25,
Event,Counter,HWThread 3
ACTUAL_CPU_CLOCK,FIXC1,11695520
MAX_CPU_CLOCK,FIXC2,10040800
RETIRED_INSTRUCTIONS,PMC0,145449
CPU_CLOCKS_UNHALTED,PMC1,600164
DRAM_CHANNEL_0,DFC0,9029
DRAM_CHANNEL_1,DFC1,9979
TABLE,Region jacobiana_64,Group 1 Metric,MEM,6
Metric,HWThread 3,
Runtime (RDTSC) [s],2.945684e-06,
Runtime unhalted [s],0.0032,
Clock [MHz],4301.6659,
CPI,4.1263,
Memory bandwidth [MBytes/s],1.651925e+06,
Memory data volume [GBytes],0.0049,
STRUCT,Info,3
CPU name:,AMD Ryzen 5 4600G with Radeon Graphics,
CPU type:,AMD K17 (Zen2) architecture,
CPU clock:,3.693052294 GHz,
TABLE,Region sistema_linear_64,Group 1 Raw,MEM,6
Region Info,HWThread 3,
RDTSC Runtime [s],0.005794,
call count,25,
Event,Counter,HWThread 3
ACTUAL_CPU_CLOCK,FIXC1,35397600
MAX_CPU_CLOCK,FIXC2,30455440
RETIRED_INSTRUCTIONS,PMC0,14772560
CPU_CLOCKS_UNHALTED,PMC1,24601020
DRAM_CHANNEL_0,DFC0,16345
DRAM_CHANNEL_1,DFC1,15503
TABLE,Region sistema_linear_64,Group 1 Metric,MEM,6
Metric,HWThread 3,
Runtime (RDTSC) [s],0.0058,
Runtime unhalted [s],0.0096,
Clock [MHz],4292.3428,
CPI,1.6653,
Memory bandwidth [MBytes/s],1407.2455,
Memory data volume [GBytes],0.0082,
STRUCT,Info,3
CPU name:,AMD Ryzen 5 4600G with Radeon Graphics,
CPU type:,AMD K17 (Zen2) architecture,
CPU clock:,3.692704608 GHz,
TABLE,Region newton_128,Group 1 Raw,MEM,6
Region Info,HWThread 3,
RDTSC Runtime [s],0.024412,
call count,1,
Event,Counter,HWThread 3
ACTUAL_CPU_CLOCK,FIXC1,105086200
MAX_CPU_CLOCK,FIXC2,90560420
RETIRED_INSTRUCTIONS,PMC0,37075240
CPU_CLOCKS_UNHALTED,PMC1,58420020
DRAM_CHANNEL_0,DFC0,78006
DRAM_CHANNEL_1,DFC1,81149
TABLE,Region newton_128,Group 1 Metric,MEM,6
Metric,HWThread 3,
Runtime (RDTSC) [s],0.0244,
Runtime unhalted [s],0.0285,
Clock [MHz],4285.0099,
CPI,1.5757,
Memory bandwidth [MBytes/s],1669.0274,
Memory data volume [GBytes],0.0407,
STRUCT,Info,3
CPU name:,AMD Ryzen 5 4600G with Radeon Graphics,
CPU type:,AMD K17 (Zen2) architecture,
CPU clock:,3.692704608 GHz,
TABLE,Region jacobiana_128,Group 1 Raw,MEM,6
Region Info,HWThread 3,
RDTSC Runtime [s],0.000005,
call count,25,
Event,Counter,HWThread 3
ACTUAL_CPU_CLOCK,FIXC1,11728240
MAX_CPU_CLOCK,FIXC2,10105330
RETIRED_INSTRUCTIONS,PMC0,153463
CPU_CLOCKS_UNHALTED,PMC1,628187
DRAM_CHANNEL_0,DFC0,14537
DRAM_CHANNEL_1,DFC1,13220
TABLE,Region jacobiana_128,Group 1 Metric,MEM,6
Metric,HWThread 3,
Runtime (RDTSC) [s],4.668775e-06,
Runtime unhalted [s],0.0032,
Clock [MHz],4285.7508,
CPI,4.0934,
Memory bandwidth [MBytes/s],1.521982e+06,
Memory data volume [GBytes],0.0071,
STRUCT,Info,3
CPU name:,AMD Ryzen 5 4600G with Radeon Graphics,
CPU type:,AMD K17 (Zen2) architecture,
CPU clock:,3.692704608 GHz,
TABLE,Region sistema_linear_128,Group 1 Raw,MEM,6
Region Info,HWThread 3,
RDTSC Runtime [s],0.012585,
call count,25,
Event,Counter,HWThread 3
ACTUAL_CPU_CLOCK,FIXC1,65071260
MAX_CPU_CLOCK,FIXC2,56082640
RETIRED_INSTRUCTIONS,PMC0,29181500
CPU_CLOCKS_UNHALTED,PMC1,53379740
DRAM_CHANNEL_0,DFC0,27015
DRAM_CHANNEL_1,DFC1,27243
TABLE,Region sistema_linear_128,Group 1 Metric,MEM,6
Metric,HWThread 3,
Runtime (RDTSC) [s],0.0126,
Runtime unhalted [s],0.0176,
Clock [MHz],4284.5512,
CPI,1.8292,
Memory bandwidth [MBytes/s],1103.6785,
Memory data volume [GBytes],0.0139,
STRUCT,Info,3
CPU name:,AMD Ryzen 5 4600G with Radeon Graphics,
CPU type:,AMD K17 (Zen2) architecture,
CPU clock:,3.693042772 GHz,
TABLE,Region newton_256,Group 1 Raw,MEM,6
Region Info,HWThread 3,
RDTSC Runtime [s],0.039053,
call count,1,
Event,Counter,HWThread 3
ACTUAL_CPU_CLOCK,FIXC1,167761400
MAX_CPU_CLOCK,FIXC2,144582500
RETIRED_INSTRUCTIONS,PMC0,73313180
CPU_CLOCKS_UNHALTED,PMC1,118977600
DRAM_CHANNEL_0,DFC0,85913
DRAM_CHANNEL_1,DFC1,82923
TABLE,Region newton_256,Group 1 Metric,MEM,6
Metric,HWThread 3,
Runtime (RDTSC) [s],0.0391,
Runtime unhalted [s],0.0454,
Clock [MHz],4285.0969,
CPI,1.6229,
Memory bandwidth [MBytes/s],1106.7491,
Memory data volume [GBytes],0.0432,
STRUCT,Info,3
CPU name:,AMD Ryzen 5 4600G with Radeon Graphics,
CPU type:,AMD K17 (Zen2) architecture,
CPU clock:,3.693042772 GHz,
TABLE,Region jacobiana_256,Group 1 Raw,MEM,6
Region Info,HWThread 3,
RDTSC Runtime [s],0.000009,
call count,25,
Event,Counter,HWThread 3
ACTUAL_CPU_CLOCK,FIXC1,12652710
MAX_CPU_CLOCK,FIXC2,10311050
RETIRED_INSTRUCTIONS,PMC0,169499
CPU_CLOCKS_UNHALTED,PMC1,659427
DRAM_CHANNEL_0,DFC0,16000
DRAM_CHANNEL_1,DFC1,13539
TABLE,Region jacobiana_256,Group 1 Metric,MEM,6
Metric,HWThread 3,
Runtime (RDTSC) [s],8.970165e-06,
Runtime unhalted [s],0.0034,
Clock [MHz],4531.7401,
CPI,3.8904,
Memory bandwidth [MBytes/s],843015.0393,
Memory data volume [GBytes],0.0076,
STRUCT,Info,3
CPU name:,AMD Ryzen 5 4600G with Radeon Graphics,
CPU type:,AMD K17 (Zen2) architecture,
CPU clock:,3.693042772 GHz,
TABLE,Region sistema_linear_256,Group 1 Raw,MEM,6
Region Info,HWThread 3,
RDTSC Runtime [s],0.026010,
call count,25,
Event,Counter,HWThread 3
ACTUAL_CPU_CLOCK,FIXC1,122929400
MAX_CPU_CLOCK,FIXC2,105976000
RETIRED_INSTRUCTIONS,PMC0,57998940
CPU_CLOCKS_UNHALTED,PMC1,110998400
DRAM_CHANNEL_0,DFC0,18072
DRAM_CHANNEL_1,DFC1,17699
TABLE,Region sistema_linear_256,Group 1 Metric,MEM,6
Metric,HWThread 3,
Runtime (RDTSC) [s],0.0260,
Runtime unhalted [s],0.0333,
Clock [MHz],4283.8334,
CPI,1.9138,
Memory bandwidth [MBytes/s],352.0657,
Memory data volume [GBytes],0.0092,
STRUCT,Info,3
CPU name:,AMD Ryzen 5 4600G with Radeon Graphics,
CPU type:,AMD K17 (Zen2) architecture,
CPU clock:,3.693047712 GHz,
TABLE,Region newton_512,Group 1 Raw,MEM,6
Region Info,HWThread 3,
RDTSC Runtime [s],0.067097,
call count,1,
Event,Counter,HWThread 3
ACTUAL_CPU_CLOCK,FIXC1,288118900
MAX_CPU_CLOCK,FIXC2,248173800
RETIRED_INSTRUCTIONS,PMC0,145786600
CPU_CLOCKS_UNHALTED,PMC1,239922500
DRAM_CHANNEL_0,DFC0,109718
DRAM_CHANNEL_1,DFC1,113422
TABLE,Region newton_512,Group 1 Metric,MEM,6
Metric,HWThread 3,
Runtime (RDTSC) [s],0.0671,
Runtime unhalted [s],0.0780,
Clock [MHz],4287.4665,
CPI,1.6457,
Memory bandwidth [MBytes/s],851.3643,
Memory data volume [GBytes],0.0571,
STRUCT,Info,3
CPU name:,AMD Ryzen 5 4600G with Radeon Graphics,
CPU type:,AMD K17 (Zen2) architecture,
CPU clock:,3.693047712 GHz,
TABLE,Region jacobiana_512,Group 1 Raw,MEM,6
Region Info,HWThread 3,
RDTSC Runtime [s],0.000014,
call count,25,
Event,Counter,HWThread 3
ACTUAL_CPU_CLOCK,FIXC1,11523700
MAX_CPU_CLOCK,FIXC2,9886807
RETIRED_INSTRUCTIONS,PMC0,201463
CPU_CLOCKS_UNHALTED,PMC1,677286
DRAM_CHANNEL_0,DFC0,11219
DRAM_CHANNEL_1,DFC1,12064
TABLE,Region jacobiana_512,Group 1 Metric,MEM,6
Metric,HWThread 3,
Runtime (RDTSC) [s],1.386608e-05,
Runtime unhalted [s],0.0031,
Clock [MHz],4304.4811,
CPI,3.3618,
Memory bandwidth [MBytes/s],429858.1863,
Memory data volume [GBytes],0.0060,
STRUCT,Info,3
CPU name:,AMD Ryzen 5 4600G with Radeon Graphics,
CPU type:,AMD K17 (Zen2) architecture,
CPU clock:,3.693047712 GHz,
TABLE,Region sistema_linear_512,Group 1 Raw,MEM,6
Region Info,HWThread 3,
RDTSC Runtime [s],0.053245,
call count,25,
Event,Counter,HWThread 3
ACTUAL_CPU_CLOCK,FIXC1,239674900
MAX_CPU_CLOCK,FIXC2,206345700
RETIRED_INSTRUCTIONS,PMC0,115634300
CPU_CLOCKS_UNHALTED,PMC1,226321800
DRAM_CHANNEL_0,DFC0,36745
DRAM_CHANNEL_1,DFC1,35349
TABLE,Region sistema_linear_512,Group 1 Metric,MEM,6
Metric,HWThread 3,
Runtime (RDTSC) [s],0.0532,
Runtime unhalted [s],0.0649,
Clock [MHz],4289.5531,
CPI,1.9572,
Memory bandwidth [MBytes/s],346.6266,
Memory data volume [GBytes],0.0185,
STRUCT,Info,3
CPU name:,AMD Ryzen 5 4600G with Radeon Graphics,
CPU type:,AMD K17 (Zen2) architecture,
CPU clock:,3.693048442 GHz,
TABLE,Region newton_1000,Group 1 Raw,MEM,6
Region Info,HWThread 3,
RDTSC Runtime [s],0.122707,
call count,1,
Event,Counter,HWThread 3
ACTUAL_CPU_CLOCK,FIXC1,526043100
MAX_CPU_CLOCK,FIXC2,453647800
RETIRED_INSTRUCTIONS,PMC0,283938300
CPU_CLOCKS_UNHALTED,PMC1,471622700
DRAM_CHANNEL_0,DFC0,200419
DRAM_CHANNEL_1,DFC1,197170
TABLE,Region newton_1000,Group 1 Metric,MEM,6
Metric,HWThread 3,
Runtime (RDTSC) [s],0.1227,
Runtime unhalted [s],0.1424,
Clock [MHz],4282.4029,
CPI,1.6610,
Memory bandwidth [MBytes/s],829.4762,
Memory data volume [GBytes],0.1018,
STRUCT,Info,3
CPU name:,AMD Ryzen 5 4600G with Radeon Graphics,
CPU type:,AMD K17 (Zen2) architecture,
CPU clock:,3.693048442 GHz,
TABLE,Region jacobiana_1000,Group 1 Raw,MEM,6
Region Info,HWThread 3,
RDTSC Runtime [s],0.000044,
call count,25,
Event,Counter,HWThread 3
ACTUAL_CPU_CLOCK,FIXC1,12568330
MAX_CPU_CLOCK,FIXC2,10565650
RETIRED_INSTRUCTIONS,PMC0,262459
CPU_CLOCKS_UNHALTED,PMC1,731718
DRAM_CHANNEL_0,DFC0,14021
DRAM_CHANNEL_1,DFC1,14836
TABLE,Region jacobiana_1000,Group 1 Metric,MEM,6
Metric,HWThread 3,
Runtime (RDTSC) [s],4.372218e-05,
Runtime unhalted [s],0.0034,
Clock [MHz],4393.0522,
CPI,2.7879,
Memory bandwidth [MBytes/s],168962.1149,
Memory data volume [GBytes],0.0074,
STRUCT,Info,3
CPU name:,AMD Ryzen 5 4600G with Radeon Graphics,
CPU type:,AMD K17 (Zen2) architecture,
CPU clock:,3.693048442 GHz,
TABLE,Region sistema_linear_1000,Group 1 Raw,MEM,6
Region Info,HWThread 3,
RDTSC Runtime [s],0.104822,
call count,25,
Event,Counter,HWThread 3
ACTUAL_CPU_CLOCK,FIXC1,460756400
MAX_CPU_CLOCK,FIXC2,397453200
RETIRED_INSTRUCTIONS,PMC0,225501500
CPU_CLOCKS_UNHALTED,PMC1,446092200
DRAM_CHANNEL_0,DFC0,97045
DRAM_CHANNEL_1,DFC1,96358
TABLE,Region sistema_linear_1000,Group 1 Metric,MEM,6
Metric,HWThread 3,
Runtime (RDTSC) [s],0.1048,
Runtime unhalted [s],0.1248,
Clock [MHz],4281.2480,
CPI,1.9782,
Memory bandwidth [MBytes/s],472.3361,
Memory data volume [GBytes],0.0495,
STRUCT,Info,3
CPU name:,AMD Ryzen 5 4600G with Radeon Graphics,
CPU type:,AMD K17 (Zen2) architecture,
CPU clock:,3.692996096 GHz,
TABLE,Region newton_2000,Group 1 Raw,MEM,6
Region Info,HWThread 3,
RDTSC Runtime [s],0.233940,
call count,1,
Event,Counter,HWThread 3
ACTUAL_CPU_CLOCK,FIXC1,1002799000
MAX_CPU_CLOCK,FIXC2,864369100
RETIRED_INSTRUCTIONS,PMC0,567303300
CPU_CLOCKS_UNHALTED,PMC1,943884400
DRAM_CHANNEL_0,DFC0,170121
DRAM_CHANNEL_1,DFC1,163804
TABLE,Region newton_2000,Group 1 Metric,MEM,6
Metric,HWThread 3,
Runtime (RDTSC) [s],0.2339,
Runtime unhalted [s],0.2715,
Clock [MHz],4284.4345,
CPI,1.6638,
Memory bandwidth [MBytes/s],365.4135,
Memory data volume [GBytes],0.0855,
STRUCT,Info,3
CPU name:,AMD Ryzen 5 4600G with Radeon Graphics,
CPU type:,AMD K17 (Zen2) architecture,
CPU clock:,3.692996096 GHz,
TABLE,Region jacobiana_2000,Group 1 Raw,MEM,6
Region Info,HWThread 3,
RDTSC Runtime [s],0.000047,
call count,25,
Event,Counter,HWThread 3
ACTUAL_CPU_CLOCK,FIXC1,12389310
MAX_CPU_CLOCK,FIXC2,10553210
RETIRED_INSTRUCTIONS,PMC0,387488
CPU_CLOCKS_UNHALTED,PMC1,868414
DRAM_CHANNEL_0,DFC0,12668
DRAM_CHANNEL_1,DFC1,11147
TABLE,Region jacobiana_2000,Group 1 Metric,MEM,6
Metric,HWThread 3,
Runtime (RDTSC) [s],4.710853e-05,
Runtime unhalted [s],0.0034,
Clock [MHz],4335.5219,
CPI,2.2411,
Memory bandwidth [MBytes/s],129416.9018,
Memory data volume [GBytes],0.0061,
STRUCT,Info,3
CPU name:,AMD Ryzen 5 4600G with Radeon Graphics,
CPU type:,AMD K17 (Zen2) architecture,
CPU clock:,3.692996096 GHz,
TABLE,Region sistema_linear_2000,Group 1 Raw,MEM,6
Region Info,HWThread 3,
RDTSC Runtime [s],0.210130,
call count,25,
Event,Counter,HWThread 3
ACTUAL_CPU_CLOCK,FIXC1,912432100
MAX_CPU_CLOCK,FIXC2,786551500
RETIRED_INSTRUCTIONS,PMC0,450639200
CPU_CLOCKS_UNHALTED,PMC1,896246800
DRAM_CHANNEL_0,DFC0,50191
DRAM_CHANNEL_1,DFC1,49292
TABLE,Region sistema_linear_2000,Group 1 Metric,MEM,6
Metric,HWThread 3,
Runtime (RDTSC) [s],0.2101,
Runtime unhalted [s],0.2471,
Clock [MHz],4284.0274,
CPI,1.9888,
Memory bandwidth [MBytes/s],121.1994,
Memory data volume [GBytes],0.0255,
STRUCT,Info,3
CPU name:,AMD Ryzen 5 4600G with Radeon Graphics,
CPU type:,AMD K17 (Zen2) architecture,
CPU clock:,3.693048803 GHz,
TABLE,Region newton_4000,Group 1 Raw,MEM,6
Region Info,HWThread 3,
RDTSC Runtime [s],0.459264,
call count,1,
Event,Counter,HWThread 3
ACTUAL_CPU_CLOCK,FIXC1,1966933000
MAX_CPU_CLOCK,FIXC2,1695072000
RETIRED_INSTRUCTIONS,PMC0,1134020000
CPU_CLOCKS_UNHALTED,PMC1,1894695000
DRAM_CHANNEL_0,DFC0,449450
DRAM_CHANNEL_1,DFC1,430065
TABLE,Region newton_4000,Group 1 Metric,MEM,6
Metric,HWThread 3,
Runtime (RDTSC) [s],0.4593,
Runtime unhalted [s],0.5326,
Clock [MHz],4285.3516,
CPI,1.6708,
Memory bandwidth [MBytes/s],490.2536,
Memory data volume [GBytes],0.2252,
STRUCT,Info,3
CPU name:,AMD Ryzen 5 4600G with Radeon Graphics,
CPU type:,AMD K17 (Zen2) architecture,
CPU clock:,3.693048803 GHz,
TABLE,Region jacobiana_4000,Group 1 Raw,MEM,6
Region Info,HWThread 3,
RDTSC Runtime [s],0.000151,
call count,25,
Event,Counter,HWThread 3
ACTUAL_CPU_CLOCK,FIXC1,12905230
MAX_CPU_CLOCK,FIXC2,10921360
RETIRED_INSTRUCTIONS,PMC0,637526
CPU_CLOCKS_UNHALTED,PMC1,1071283
DRAM_CHANNEL_0,DFC0,10343
DRAM_CHANNEL_1,DFC1,9926
TABLE,Region jacobiana_4000,Group 1 Metric,MEM,6
Metric,HWThread 3,
Runtime (RDTSC) [s],0.0002,
Runtime unhalted [s],0.0035,
Clock [MHz],4363.8928,
CPI,1.6804,
Memory bandwidth [MBytes/s],34373.8776,
Memory data volume [GBytes],0.0052,
STRUCT,Info,3
CPU name:,AMD Ryzen 5 4600G with Radeon Graphics,
CPU type:,AMD K17 (Zen2) architecture,
CPU clock:,3.693048803 GHz,
TABLE,Region sistema_linear_4000,Group 1 Raw,MEM,6
Region Info,HWThread 3,
RDTSC Runtime [s],0.421538,
call count,25,
Event,Counter,HWThread 3
ACTUAL_CPU_CLOCK,FIXC1,1818926000
MAX_CPU_CLOCK,FIXC2,1567549000
RETIRED_INSTRUCTIONS,PMC0,900914400
CPU_CLOCKS_UNHALTED,PMC1,1798989000
DRAM_CHANNEL_0,DFC0,172280
DRAM_CHANNEL_1,DFC1,168641
TABLE,Region sistema_linear_4000,Group 1 Metric,MEM,6
Metric,HWThread 3,
Runtime (RDTSC) [s],0.4215,
Runtime unhalted [s],0.4925,
Clock [MHz],4285.2775,
CPI,1.9968,
Memory bandwidth [MBytes/s],207.0414,
Memory data volume [GBytes],0.0873,
