STRUCT,Info,3
CPU name:,AMD Ryzen 5 4600G with Radeon Graphics,
CPU type:,AMD K17 (Zen2) architecture,
CPU clock:,3.692630779 GHz,
TABLE,Region newton,Group 1 Raw,MEM,6
Region Info,HWThread 3,
RDTSC Runtime [s],0.009985,
call count,1,
Event,Counter,HWThread 3
ACTUAL_CPU_CLOCK,FIXC1,43284250
MAX_CPU_CLOCK,FIXC2,37290450
RETIRED_INSTRUCTIONS,PMC0,1814765
CPU_CLOCKS_UNHALTED,PMC1,2755114
DRAM_CHANNEL_0,DFC0,44551
DRAM_CHANNEL_1,DFC1,43831
TABLE,Region newton,Group 1 Metric,MEM,6
Metric,HWThread 3,
Runtime (RDTSC) [s],0.0100,
Runtime unhalted [s],0.0117,
Clock [MHz],4286.1578,
CPI,1.5182,
Memory bandwidth [MBytes/s],2265.9149,
Memory data volume [GBytes],0.0226,
STRUCT,Info,3
CPU name:,AMD Ryzen 5 4600G with Radeon Graphics,
CPU type:,AMD K17 (Zen2) architecture,
CPU clock:,3.692630779 GHz,
TABLE,Region jacobiana,Group 1 Raw,MEM,6
Region Info,HWThread 3,
RDTSC Runtime [s],0.000003,
call count,25,
Event,Counter,HWThread 3
ACTUAL_CPU_CLOCK,FIXC1,10489010
MAX_CPU_CLOCK,FIXC2,9530608
RETIRED_INSTRUCTIONS,PMC0,144037
CPU_CLOCKS_UNHALTED,PMC1,565435
DRAM_CHANNEL_0,DFC0,10885
DRAM_CHANNEL_1,DFC1,10822
TABLE,Region jacobiana,Group 1 Metric,MEM,6
Metric,HWThread 3,
Runtime (RDTSC) [s],3.266303e-06,
Runtime unhalted [s],0.0028,
Clock [MHz],4063.9633,
CPI,3.9256,
Memory bandwidth [MBytes/s],1.701309e+06,
Memory data volume [GBytes],0.0056,
STRUCT,Info,3
CPU name:,AMD Ryzen 5 4600G with Radeon Graphics,
CPU type:,AMD K17 (Zen2) architecture,
CPU clock:,3.692630779 GHz,
TABLE,Region sistema_linear,Group 1 Raw,MEM,6
Region Info,HWThread 3,
RDTSC Runtime [s],0.000082,
call count,25,
Event,Counter,HWThread 3
ACTUAL_CPU_CLOCK,FIXC1,10500350
MAX_CPU_CLOCK,FIXC2,9022820
RETIRED_INSTRUCTIONS,PMC0,1271837
CPU_CLOCKS_UNHALTED,PMC1,891402
DRAM_CHANNEL_0,DFC0,8771
DRAM_CHANNEL_1,DFC1,7669
TABLE,Region sistema_linear,Group 1 Metric,MEM,6
Metric,HWThread 3,
Runtime (RDTSC) [s],0.0001,
Runtime unhalted [s],0.0028,
Clock [MHz],4297.3168,
CPI,0.7009,
Memory bandwidth [MBytes/s],51070.1377,
Memory data volume [GBytes],0.0042,
STRUCT,Info,3
CPU name:,AMD Ryzen 5 4600G with Radeon Graphics,
CPU type:,AMD K17 (Zen2) architecture,
CPU clock:,3.692961963 GHz,
TABLE,Region newton,Group 1 Raw,MEM,6
Region Info,HWThread 3,
RDTSC Runtime [s],0.010354,
call count,1,
Event,Counter,HWThread 3
ACTUAL_CPU_CLOCK,FIXC1,44823260
MAX_CPU_CLOCK,FIXC2,38645020
RETIRED_INSTRUCTIONS,PMC0,6839367
CPU_CLOCKS_UNHALTED,PMC1,4141453
DRAM_CHANNEL_0,DFC0,39161
DRAM_CHANNEL_1,DFC1,43608
TABLE,Region newton,Group 1 Metric,MEM,6
Metric,HWThread 3,
Runtime (RDTSC) [s],0.0104,
Runtime unhalted [s],0.0121,
Clock [MHz],4283.3616,
CPI,0.6055,
Memory bandwidth [MBytes/s],2046.5372,
Memory data volume [GBytes],0.0212,
STRUCT,Info,3
CPU name:,AMD Ryzen 5 4600G with Radeon Graphics,
CPU type:,AMD K17 (Zen2) architecture,
CPU clock:,3.692961963 GHz,
TABLE,Region jacobiana,Group 1 Raw,MEM,6
Region Info,HWThread 3,
RDTSC Runtime [s],0.000004,
call count,25,
Event,Counter,HWThread 3
ACTUAL_CPU_CLOCK,FIXC1,10434770
MAX_CPU_CLOCK,FIXC2,8916593
RETIRED_INSTRUCTIONS,PMC0,151237
CPU_CLOCKS_UNHALTED,PMC1,550674
DRAM_CHANNEL_0,DFC0,11545
DRAM_CHANNEL_1,DFC1,13824
TABLE,Region jacobiana,Group 1 Metric,MEM,6
Metric,HWThread 3,
Runtime (RDTSC) [s],3.626909e-06,
Runtime unhalted [s],0.0028,
Clock [MHz],4321.7414,
CPI,3.6411,
Memory bandwidth [MBytes/s],1.790633e+06,
Memory data volume [GBytes],0.0065,
STRUCT,Info,3
CPU name:,AMD Ryzen 5 4600G with Radeon Graphics,
CPU type:,AMD K17 (Zen2) architecture,
CPU clock:,3.692961963 GHz,
TABLE,Region sistema_linear,Group 1 Raw,MEM,6
Region Info,HWThread 3,
RDTSC Runtime [s],0.000412,
call count,25,
Event,Counter,HWThread 3
ACTUAL_CPU_CLOCK,FIXC1,12043260
MAX_CPU_CLOCK,FIXC2,10444880
RETIRED_INSTRUCTIONS,PMC0,6260569
CPU_CLOCKS_UNHALTED,PMC1,2298708
DRAM_CHANNEL_0,DFC0,7389
DRAM_CHANNEL_1,DFC1,9247
TABLE,Region sistema_linear,Group 1 Metric,MEM,6
Metric,HWThread 3,
Runtime (RDTSC) [s],0.0004,
Runtime unhalted [s],0.0033,
Clock [MHz],4258.0959,
CPI,0.3672,
Memory bandwidth [MBytes/s],10325.5113,
Memory data volume [GBytes],0.0043,
STRUCT,Info,3
CPU name:,AMD Ryzen 5 4600G with Radeon Graphics,
CPU type:,AMD K17 (Zen2) architecture,
CPU clock:,3.692921171 GHz,
TABLE,Region newton,Group 1 Raw,MEM,6
Region Info,HWThread 3,
RDTSC Runtime [s],0.013678,
call count,1,
Event,Counter,HWThread 3
ACTUAL_CPU_CLOCK,FIXC1,59059840
MAX_CPU_CLOCK,FIXC2,50937270
RETIRED_INSTRUCTIONS,PMC0,38290760
CPU_CLOCKS_UNHALTED,PMC1,15700900
DRAM_CHANNEL_0,DFC0,52842
DRAM_CHANNEL_1,DFC1,51829
TABLE,Region newton,Group 1 Metric,MEM,6
Metric,HWThread 3,
Runtime (RDTSC) [s],0.0137,
Runtime unhalted [s],0.0160,
Clock [MHz],4281.8026,
CPI,0.4100,
Memory bandwidth [MBytes/s],1958.9990,
Memory data volume [GBytes],0.0268,
STRUCT,Info,3
CPU name:,AMD Ryzen 5 4600G with Radeon Graphics,
CPU type:,AMD K17 (Zen2) architecture,
CPU clock:,3.692921171 GHz,
TABLE,Region jacobiana,Group 1 Raw,MEM,6
Region Info,HWThread 3,
RDTSC Runtime [s],0.000006,
call count,25,
Event,Counter,HWThread 3
ACTUAL_CPU_CLOCK,FIXC1,11552390
MAX_CPU_CLOCK,FIXC2,9793974
RETIRED_INSTRUCTIONS,PMC0,166465
CPU_CLOCKS_UNHALTED,PMC1,578478
DRAM_CHANNEL_0,DFC0,11679
DRAM_CHANNEL_1,DFC1,14093
TABLE,Region jacobiana,Group 1 Metric,MEM,6
Metric,HWThread 3,
Runtime (RDTSC) [s],6.191781e-06,
Runtime unhalted [s],0.0031,
Clock [MHz],4355.9505,
CPI,3.4751,
Memory bandwidth [MBytes/s],1.065547e+06,
Memory data volume [GBytes],0.0066,
STRUCT,Info,3
CPU name:,AMD Ryzen 5 4600G with Radeon Graphics,
CPU type:,AMD K17 (Zen2) architecture,
CPU clock:,3.692921171 GHz,
TABLE,Region sistema_linear,Group 1 Raw,MEM,6
Region Info,HWThread 3,
RDTSC Runtime [s],0.003184,
call count,25,
Event,Counter,HWThread 3
ACTUAL_CPU_CLOCK,FIXC1,23748920
MAX_CPU_CLOCK,FIXC2,20627020
RETIRED_INSTRUCTIONS,PMC0,37627340
CPU_CLOCKS_UNHALTED,PMC1,13767760
DRAM_CHANNEL_0,DFC0,16115
DRAM_CHANNEL_1,DFC1,15784
TABLE,Region sistema_linear,Group 1 Metric,MEM,6
Metric,HWThread 3,
Runtime (RDTSC) [s],0.0032,
Runtime unhalted [s],0.0064,
Clock [MHz],4251.8449,
CPI,0.3659,
Memory bandwidth [MBytes/s],2565.0926,
Memory data volume [GBytes],0.0082,
STRUCT,Info,3
CPU name:,AMD Ryzen 5 4600G with Radeon Graphics,
CPU type:,AMD K17 (Zen2) architecture,
CPU clock:,3.692966549 GHz,
TABLE,Region newton,Group 1 Raw,MEM,6
Region Info,HWThread 3,
RDTSC Runtime [s],0.034765,
call count,1,
Event,Counter,HWThread 3
ACTUAL_CPU_CLOCK,FIXC1,149458400
MAX_CPU_CLOCK,FIXC2,128816300
RETIRED_INSTRUCTIONS,PMC0,255551700
CPU_CLOCKS_UNHALTED,PMC1,101460200
DRAM_CHANNEL_0,DFC0,64608
DRAM_CHANNEL_1,DFC1,65661
TABLE,Region newton,Group 1 Metric,MEM,6
Metric,HWThread 3,
Runtime (RDTSC) [s],0.0348,
Runtime unhalted [s],0.0405,
Clock [MHz],4284.7440,
CPI,0.3970,
Memory bandwidth [MBytes/s],959.2531,
Memory data volume [GBytes],0.0333,
STRUCT,Info,3
CPU name:,AMD Ryzen 5 4600G with Radeon Graphics,
CPU type:,AMD K17 (Zen2) architecture,
CPU clock:,3.692966549 GHz,
TABLE,Region jacobiana,Group 1 Raw,MEM,6
Region Info,HWThread 3,
RDTSC Runtime [s],0.000013,
call count,25,
Event,Counter,HWThread 3
ACTUAL_CPU_CLOCK,FIXC1,11761640
MAX_CPU_CLOCK,FIXC2,10092970
RETIRED_INSTRUCTIONS,PMC0,194617
CPU_CLOCKS_UNHALTED,PMC1,624451
DRAM_CHANNEL_0,DFC0,9954
DRAM_CHANNEL_1,DFC1,10881
TABLE,Region jacobiana,Group 1 Metric,MEM,6
Metric,HWThread 3,
Runtime (RDTSC) [s],1.281438e-05,
Runtime unhalted [s],0.0032,
Clock [MHz],4303.5244,
CPI,3.2086,
Memory bandwidth [MBytes/s],416232.3889,
Memory data volume [GBytes],0.0053,
STRUCT,Info,3
CPU name:,AMD Ryzen 5 4600G with Radeon Graphics,
CPU type:,AMD K17 (Zen2) architecture,
CPU clock:,3.692966549 GHz,
TABLE,Region sistema_linear,Group 1 Raw,MEM,6
Region Info,HWThread 3,
RDTSC Runtime [s],0.023455,
call count,25,
Event,Counter,HWThread 3
ACTUAL_CPU_CLOCK,FIXC1,112205500
MAX_CPU_CLOCK,FIXC2,96807610
RETIRED_INSTRUCTIONS,PMC0,254730400
CPU_CLOCKS_UNHALTED,PMC1,99337030
DRAM_CHANNEL_0,DFC0,26374
DRAM_CHANNEL_1,DFC1,26590
TABLE,Region sistema_linear,Group 1 Metric,MEM,6
Metric,HWThread 3,
Runtime (RDTSC) [s],0.0235,
Runtime unhalted [s],0.0304,
Clock [MHz],4280.3573,
CPI,0.3900,
Memory bandwidth [MBytes/s],578.0718,
Memory data volume [GBytes],0.0136,
STRUCT,Info,3
CPU name:,AMD Ryzen 5 4600G with Radeon Graphics,
CPU type:,AMD K17 (Zen2) architecture,
CPU clock:,3.692967346 GHz,
TABLE,Region newton,Group 1 Raw,MEM,6
Region Info,HWThread 3,
RDTSC Runtime [s],0.219244,
call count,1,
Event,Counter,HWThread 3
ACTUAL_CPU_CLOCK,FIXC1,939862000
MAX_CPU_CLOCK,FIXC2,809875600
RETIRED_INSTRUCTIONS,PMC0,1858119000
CPU_CLOCKS_UNHALTED,PMC1,883925400
DRAM_CHANNEL_0,DFC0,170603
DRAM_CHANNEL_1,DFC1,163191
TABLE,Region newton,Group 1 Metric,MEM,6
Metric,HWThread 3,
Runtime (RDTSC) [s],0.2192,
Runtime unhalted [s],0.2545,
Clock [MHz],4285.6948,
CPI,0.4757,
Memory bandwidth [MBytes/s],389.7549,
Memory data volume [GBytes],0.0855,
STRUCT,Info,3
CPU name:,AMD Ryzen 5 4600G with Radeon Graphics,
CPU type:,AMD K17 (Zen2) architecture,
CPU clock:,3.692967346 GHz,
TABLE,Region jacobiana,Group 1 Raw,MEM,6
Region Info,HWThread 3,
RDTSC Runtime [s],0.000043,
call count,25,
Event,Counter,HWThread 3
ACTUAL_CPU_CLOCK,FIXC1,12073670
MAX_CPU_CLOCK,FIXC2,10361070
RETIRED_INSTRUCTIONS,PMC0,252037
CPU_CLOCKS_UNHALTED,PMC1,784109
DRAM_CHANNEL_0,DFC0,4623
DRAM_CHANNEL_1,DFC1,4315
TABLE,Region jacobiana,Group 1 Metric,MEM,6
Metric,HWThread 3,
Runtime (RDTSC) [s],4.253282e-05,
Runtime unhalted [s],0.0033,
Clock [MHz],4303.3846,
CPI,3.1111,
Memory bandwidth [MBytes/s],53796.7621,
Memory data volume [GBytes],0.0023,
STRUCT,Info,3
CPU name:,AMD Ryzen 5 4600G with Radeon Graphics,
CPU type:,AMD K17 (Zen2) architecture,
CPU clock:,3.692967346 GHz,
TABLE,Region sistema_linear,Group 1 Raw,MEM,6
Region Info,HWThread 3,
RDTSC Runtime [s],0.206831,
call count,25,
Event,Counter,HWThread 3
ACTUAL_CPU_CLOCK,FIXC1,898500500
MAX_CPU_CLOCK,FIXC2,774303300
RETIRED_INSTRUCTIONS,PMC0,1856910000
CPU_CLOCKS_UNHALTED,PMC1,881231800
DRAM_CHANNEL_0,DFC0,123586
DRAM_CHANNEL_1,DFC1,116239
TABLE,Region sistema_linear,Group 1 Metric,MEM,6
Metric,HWThread 3,
Runtime (RDTSC) [s],0.2068,
Runtime unhalted [s],0.2433,
Clock [MHz],4285.3143,
CPI,0.4746,
Memory bandwidth [MBytes/s],296.8379,
Memory data volume [GBytes],0.0614,
STRUCT,Info,3
CPU name:,AMD Ryzen 5 4600G with Radeon Graphics,
CPU type:,AMD K17 (Zen2) architecture,
CPU clock:,3.69296226 GHz,
TABLE,Region newton,Group 1 Raw,MEM,6
Region Info,HWThread 3,
RDTSC Runtime [s],5.258178,
call count,1,
Event,Counter,HWThread 3
ACTUAL_CPU_CLOCK,FIXC1,22534230000
MAX_CPU_CLOCK,FIXC2,19417730000
RETIRED_INSTRUCTIONS,PMC0,13184490000
CPU_CLOCKS_UNHALTED,PMC1,22110610000
DRAM_CHANNEL_0,DFC0,702804200
DRAM_CHANNEL_1,DFC1,711339700
TABLE,Region newton,Group 1 Metric,MEM,6
Metric,HWThread 3,
Runtime (RDTSC) [s],5.2582,
Runtime unhalted [s],6.1019,
Clock [MHz],4285.6740,
CPI,1.6770,
Memory bandwidth [MBytes/s],68849.1029,
Memory data volume [GBytes],362.0208,
STRUCT,Info,3
CPU name:,AMD Ryzen 5 4600G with Radeon Graphics,
CPU type:,AMD K17 (Zen2) architecture,
CPU clock:,3.69296226 GHz,
TABLE,Region jacobiana,Group 1 Raw,MEM,6
Region Info,HWThread 3,
RDTSC Runtime [s],0.000243,
call count,25,
Event,Counter,HWThread 3
ACTUAL_CPU_CLOCK,FIXC1,13002160
MAX_CPU_CLOCK,FIXC2,11152280
RETIRED_INSTRUCTIONS,PMC0,361837
CPU_CLOCKS_UNHALTED,PMC1,1686512
DRAM_CHANNEL_0,DFC0,51895
DRAM_CHANNEL_1,DFC1,49876
TABLE,Region jacobiana,Group 1 Metric,MEM,6
Metric,HWThread 3,
Runtime (RDTSC) [s],0.0002,
Runtime unhalted [s],0.0035,
Clock [MHz],4305.5309,
CPI,4.6610,
Memory bandwidth [MBytes/s],107028.3496,
Memory data volume [GBytes],0.0261,
STRUCT,Info,3
CPU name:,AMD Ryzen 5 4600G with Radeon Graphics,
CPU type:,AMD K17 (Zen2) architecture,
CPU clock:,3.69296226 GHz,
TABLE,Region sistema_linear,Group 1 Raw,MEM,6
Region Info,HWThread 3,
RDTSC Runtime [s],5.240997,
call count,25,
Event,Counter,HWThread 3
ACTUAL_CPU_CLOCK,FIXC1,22477080000
MAX_CPU_CLOCK,FIXC2,19368800000
RETIRED_INSTRUCTIONS,PMC0,13182300000
CPU_CLOCKS_UNHALTED,PMC1,22105400000
DRAM_CHANNEL_0,DFC0,702544800
DRAM_CHANNEL_1,DFC1,711087200
TABLE,Region sistema_linear,Group 1 Metric,MEM,6
Metric,HWThread 3,
Runtime (RDTSC) [s],5.2410,
Runtime unhalted [s],6.0865,
Clock [MHz],4285.6041,
CPI,1.6769,
Memory bandwidth [MBytes/s],69049.7995,
Memory data volume [GBytes],361.8898,
STRUCT,Info,3
CPU name:,AMD Ryzen 5 4600G with Radeon Graphics,
CPU type:,AMD K17 (Zen2) architecture,
CPU clock:,3.692626281 GHz,
TABLE,Region newton,Group 1 Raw,MEM,6
Region Info,HWThread 3,
RDTSC Runtime [s],53.184220,
call count,1,
Event,Counter,HWThread 3
ACTUAL_CPU_CLOCK,FIXC1,227938600000
MAX_CPU_CLOCK,FIXC2,196407600000
RETIRED_INSTRUCTIONS,PMC0,102732200000
CPU_CLOCKS_UNHALTED,PMC1,223729600000
DRAM_CHANNEL_0,DFC0,8644102000
DRAM_CHANNEL_1,DFC1,8676554000
TABLE,Region newton,Group 1 Metric,MEM,6
Metric,HWThread 3,
Runtime (RDTSC) [s],53.1842,
Runtime unhalted [s],61.7280,
Clock [MHz],4285.4353,
CPI,2.1778,
Memory bandwidth [MBytes/s],83372.2472,
Memory data volume [GBytes],4434.0879,
STRUCT,Info,3
CPU name:,AMD Ryzen 5 4600G with Radeon Graphics,
CPU type:,AMD K17 (Zen2) architecture,
CPU clock:,3.692626281 GHz,
TABLE,Region jacobiana,Group 1 Raw,MEM,6
Region Info,HWThread 3,
RDTSC Runtime [s],0.000510,
call count,25,
Event,Counter,HWThread 3
ACTUAL_CPU_CLOCK,FIXC1,14615560
MAX_CPU_CLOCK,FIXC2,12732480
RETIRED_INSTRUCTIONS,PMC0,586801
CPU_CLOCKS_UNHALTED,PMC1,2831952
DRAM_CHANNEL_0,DFC0,78156
DRAM_CHANNEL_1,DFC1,81100
TABLE,Region jacobiana,Group 1 Metric,MEM,6
Metric,HWThread 3,
Runtime (RDTSC) [s],0.0005,
Runtime unhalted [s],0.0040,
Clock [MHz],4238.7501,
CPI,4.8261,
Memory bandwidth [MBytes/s],79877.3985,
Memory data volume [GBytes],0.0408,
STRUCT,Info,3
CPU name:,AMD Ryzen 5 4600G with Radeon Graphics,
CPU type:,AMD K17 (Zen2) architecture,
CPU clock:,3.692626281 GHz,
TABLE,Region sistema_linear,Group 1 Raw,MEM,6
Region Info,HWThread 3,
RDTSC Runtime [s],53.154290,
call count,25,
Event,Counter,HWThread 3
ACTUAL_CPU_CLOCK,FIXC1,227826800000
MAX_CPU_CLOCK,FIXC2,196311600000
RETIRED_INSTRUCTIONS,PMC0,102727000000
CPU_CLOCKS_UNHALTED,PMC1,223718800000
DRAM_CHANNEL_0,DFC0,8643351000
DRAM_CHANNEL_1,DFC1,8675812000
TABLE,Region sistema_linear,Group 1 Metric,MEM,6
Metric,HWThread 3,
Runtime (RDTSC) [s],53.1543,
Runtime unhalted [s],61.6978,
Clock [MHz],4285.4280,
CPI,2.1778,
Memory bandwidth [MBytes/s],83412.0017,
Memory data volume [GBytes],4433.7057,
STRUCT,Info,3
CPU name:,AMD Ryzen 5 4600G with Radeon Graphics,
CPU type:,AMD K17 (Zen2) architecture,
CPU clock:,3.692779403 GHz,
TABLE,Region newton,Group 1 Raw,MEM,6
Region Info,HWThread 3,
RDTSC Runtime [s],406.347700,
call count,1,
Event,Counter,HWThread 3
ACTUAL_CPU_CLOCK,FIXC1,1741870000000
MAX_CPU_CLOCK,FIXC2,1500626000000
RETIRED_INSTRUCTIONS,PMC0,810919000000
CPU_CLOCKS_UNHALTED,PMC1,1710135000000
DRAM_CHANNEL_0,DFC0,69826530000
DRAM_CHANNEL_1,DFC1,69954170000
TABLE,Region newton,Group 1 Metric,MEM,6
Metric,HWThread 3,
Runtime (RDTSC) [s],406.3477,
Runtime unhalted [s],471.6962,
Clock [MHz],4286.4389,
CPI,2.1089,
Memory bandwidth [MBytes/s],88062.1674,
Memory data volume [GBytes],35783.8592,
STRUCT,Info,3
CPU name:,AMD Ryzen 5 4600G with Radeon Graphics,
CPU type:,AMD K17 (Zen2) architecture,
CPU clock:,3.692779403 GHz,
TABLE,Region jacobiana,Group 1 Raw,MEM,6
Region Info,HWThread 3,
RDTSC Runtime [s],0.001300,
call count,25,
Event,Counter,HWThread 3
ACTUAL_CPU_CLOCK,FIXC1,17754600
MAX_CPU_CLOCK,FIXC2,15416570
RETIRED_INSTRUCTIONS,PMC0,1036729
CPU_CLOCKS_UNHALTED,PMC1,6231113
DRAM_CHANNEL_0,DFC0,150290
DRAM_CHANNEL_1,DFC1,149477
TABLE,Region jacobiana,Group 1 Metric,MEM,6
Metric,HWThread 3,
Runtime (RDTSC) [s],0.0013,
Runtime unhalted [s],0.0048,
Clock [MHz],4252.8151,
CPI,6.0104,
Memory bandwidth [MBytes/s],59021.3242,
Memory data volume [GBytes],0.0767,
STRUCT,Info,3
CPU name:,AMD Ryzen 5 4600G with Radeon Graphics,
CPU type:,AMD K17 (Zen2) architecture,
CPU clock:,3.692779403 GHz,
TABLE,Region sistema_linear,Group 1 Raw,MEM,6
Region Info,HWThread 3,
RDTSC Runtime [s],406.271300,
call count,25,
Event,Counter,HWThread 3
ACTUAL_CPU_CLOCK,FIXC1,1741560000000
MAX_CPU_CLOCK,FIXC2,1500359000000
RETIRED_INSTRUCTIONS,PMC0,810904200000
CPU_CLOCKS_UNHALTED,PMC1,1710106000000
DRAM_CHANNEL_0,DFC0,69824020000
DRAM_CHANNEL_1,DFC1,69951690000
TABLE,Region sistema_linear,Group 1 Metric,MEM,6
Metric,HWThread 3,
Runtime (RDTSC) [s],406.2713,
Runtime unhalted [s],471.6122,
Clock [MHz],4286.4387,
CPI,2.1089,
Memory bandwidth [MBytes/s],88075.5834,
Memory data volume [GBytes],35782.5818,
